** Drc report for 88-CCC Board 1.kicad_pcb **
** Created on 2025-12-29T17:50:51-0600 **

** Found 323 DRC violations **
[track_dangling]: Track has unconnected end
    Local override; warning
    @(18.3000 mm, 96.2000 mm): Track [+5V] on Copper, length 0.2619 mm
[track_dangling]: Track has unconnected end
    Local override; warning
    @(18.5619 mm, 99.8789 mm): Track [+5V] on Copper, length 3.6789 mm
[track_dangling]: Track has unconnected end
    Local override; warning
    @(18.5619 mm, 99.8789 mm): Track [+5V] on Copper, length 3.6789 mm
[via_dangling]: Via is not connected or connected on only one layer
    Local override; warning
    @(80.8000 mm, 124.3000 mm): Via [GND] on Component - Copper
[clearance]: Clearance violation (netclass 'Default' clearance 0.3000 mm; actual 0.2680 mm)
    Rule: netclass 'Default'; error
    @(118.1463 mm, 74.5799 mm): Track [Net-(U25-B1)] on Copper, length 7.5911 mm
    @(110.7665 mm, 75.2979 mm): Via [Net-(U26-S1)] on Component - Copper
[clearance]: Clearance violation (netclass 'Default' clearance 0.3000 mm; actual 0.2203 mm)
    Rule: netclass 'Default'; error
    @(110.3355 mm, 99.7533 mm): Via [Net-(U26-C4)] on Component - Copper
    @(110.9070 mm, 99.4031 mm): Track [Net-(U25-B1)] on Component, length 4.4863 mm
[clearance]: Clearance violation (netclass 'Default' clearance 0.3000 mm; actual 0.2396 mm)
    Rule: netclass 'Default'; error
    @(128.2859 mm, 78.3468 mm): Track [Net-(U25-B4)] on Component, length 10.2646 mm
    @(126.9538 mm, 77.6572 mm): Via [Net-(U25-B3)] on Component - Copper
[clearance]: Clearance violation (netclass 'Default' clearance 0.3000 mm; actual 0.2735 mm)
    Rule: netclass 'Default'; error
    @(198.2485 mm, 74.8300 mm): Via [Net-(U12-S1)] on Component - Copper
    @(190.3024 mm, 75.5535 mm): Track [Net-(J17-Pin_14)] on Component, length 7.9461 mm
[clearance]: Clearance violation (netclass 'Default' clearance 0.3000 mm; actual 0.2225 mm)
    Rule: netclass 'Default'; error
    @(127.6600 mm, 76.0000 mm): Track [Net-(U25-B2)] on Copper, length 14.3684 mm
    @(126.9538 mm, 77.6572 mm): Via [Net-(U25-B3)] on Component - Copper
[clearance]: Clearance violation (netclass 'Default' clearance 0.3000 mm; actual 0.2203 mm)
    Rule: netclass 'Default'; error
    @(112.4200 mm, 100.9161 mm): Track [Net-(U25-B1)] on Component, length 2.1397 mm
    @(110.3355 mm, 99.7533 mm): Via [Net-(U26-C4)] on Component - Copper
[clearance]: Clearance violation (netclass 'Default' clearance 0.3000 mm; actual 0.1235 mm)
    Rule: netclass 'Default'; error
    @(198.2485 mm, 75.5535 mm): Via [Net-(J17-Pin_14)] on Component - Copper
    @(198.2485 mm, 74.8300 mm): Via [Net-(U12-S1)] on Component - Copper
[shorting_items]: Items shorting two nets (nets +8V and Net-(J11-Pin_12))
    Local override; error
    @(28.6632 mm, 63.3926 mm): Polygon [+8V] on Component
    @(17.5210 mm, 120.8886 mm): Track [Net-(J11-Pin_12)] on Component, length 7.5256 mm
[clearance]: Clearance violation (netclass 'Default' clearance 0.3000 mm; actual 0.2017 mm)
    Rule: netclass 'Default'; error
    @(114.8790 mm, 65.9551 mm): Via [Net-(U25-S4)] on Component - Copper
    @(128.8936 mm, 65.3034 mm): Track [Net-(U24-DOWN)] on Component, length 29.8216 mm
[clearance]: Clearance violation (netclass 'Default' clearance 0.3000 mm; actual 0.2017 mm)
    Rule: netclass 'Default'; error
    @(138.7110 mm, 131.3191 mm): Via [A11] on Component - Copper
    @(151.8390 mm, 130.6674 mm): Track [PRESET] on Component, length 21.0133 mm
[clearance]: Clearance violation (netclass 'Default' clearance 0.3000 mm; actual 0.2326 mm)
    Rule: netclass 'Default'; error
    @(200.1919 mm, 74.6677 mm): Track [Net-(J17-Pin_13)] on Component, length 11.0879 mm
    @(194.1138 mm, 69.5550 mm): Via [Net-(U12-S1)] on Component - Copper
[shorting_items]: Items shorting two nets (nets Net-(J11-Pin_7) and GND)
    Local override; error
    @(234.6354 mm, 105.0384 mm): Track [Net-(J11-Pin_7)] on Component, length 31.3916 mm
    @(265.7814 mm, 28.6752 mm): Polygon [GND] on Component
[clearance]: Clearance violation (netclass 'Default' clearance 0.3000 mm; actual 0.2061 mm)
    Rule: netclass 'Default'; error
    @(216.7933 mm, 114.6666 mm): Via [Net-(J11-Pin_5)] on Component - Copper
    @(216.2786 mm, 115.0735 mm): Track [Net-(J17-Pin_13)] on Copper, length 5.8148 mm
[clearance]: Clearance violation (netclass 'Default' clearance 0.3000 mm; actual 0.2061 mm)
    Rule: netclass 'Default'; error
    @(215.2400 mm, 114.0349 mm): Track [Net-(J17-Pin_13)] on Copper, length 1.4688 mm
    @(216.7933 mm, 114.6666 mm): Via [Net-(J11-Pin_5)] on Component - Copper
[clearance]: Clearance violation (netclass 'Default' clearance 0.3000 mm; actual 0.2370 mm)
    Rule: netclass 'Default'; error
    @(39.7000 mm, 122.3000 mm): Track [+5V] on Copper, length 17.6000 mm
    @(43.3830 mm, 123.3370 mm): Via [Net-(U23A-~{R})] on Component - Copper
[clearance]: Clearance violation (netclass 'Default' clearance 0.3000 mm; actual 0.2213 mm)
    Rule: netclass 'Default'; error
    @(61.4649 mm, 115.1598 mm): Via [Net-(U33-~{Q0})] on Component - Copper
    @(63.0366 mm, 112.6388 mm): Track [Net-(U41-I5)] on Component, length 5.3254 mm
[clearance]: Clearance violation (netclass 'Default' clearance 0.3000 mm; actual 0.2284 mm)
    Rule: netclass 'Default'; error
    @(211.0819 mm, 50.1200 mm): Track [Net-(U12-~{Q})] on Component, length 1.8082 mm
    @(210.6395 mm, 48.7182 mm): Via [Net-(U12-S0)] on Component - Copper
[clearance]: Clearance violation (netclass 'Default' clearance 0.3000 mm; actual 0.2017 mm)
    Rule: netclass 'Default'; error
    @(234.3201 mm, 112.6388 mm): Track [Net-(U41-I5)] on Component, length 171.2835 mm
    @(150.8250 mm, 113.2905 mm): Via [Net-(U33-~{Q0})] on Component - Copper
[clearance]: Clearance violation (netclass 'Default' clearance 0.3000 mm; actual 0.2370 mm)
    Rule: netclass 'Default'; error
    @(27.4950 mm, 123.3370 mm): Via [Net-(J11-Pin_12)] on Component - Copper
    @(23.6000 mm, 122.3000 mm): Track [+5V] on Copper, length 6.1000 mm
[clearance]: Clearance violation (netclass 'Default' clearance 0.3000 mm; actual 0.2083 mm)
    Rule: netclass 'Default'; error
    @(72.5000 mm, 124.3000 mm): Track [GND] on Copper, length 27.5000 mm
    @(94.9989 mm, 125.3083 mm): Via [PSYNC] on Component - Copper
[clearance]: Clearance violation (netclass 'Default' clearance 0.3000 mm; actual 0.2394 mm)
    Rule: netclass 'Default'; error
    @(38.9440 mm, 69.6866 mm): Via [Net-(J11-Pin_3)] on Component - Copper
    @(39.9700 mm, 69.5200 mm): Track [GND] on Component, length 0.6950 mm
[clearance]: Clearance violation (netclass 'Default' clearance 0.3000 mm; actual 0.2017 mm)
    Rule: netclass 'Default'; error
    @(203.6434 mm, 69.9538 mm): Via [Net-(U12-I3)] on Component - Copper
    @(210.1600 mm, 75.5487 mm): Track [Net-(U12-I2)] on Component, length 10.1381 mm
[shorting_items]: Items shorting two nets (nets GND and D06)
    Local override; error
    @(265.7668 mm, 28.6731 mm): Polygon [GND] on Copper
    @(210.2682 mm, 146.2110 mm): Track [D06] on Copper, length 4.9216 mm
[clearance]: Clearance violation (netclass 'Default' clearance 0.3000 mm; actual 0.2050 mm)
    Rule: netclass 'Default'; error
    @(142.6818 mm, 99.3896 mm): Via [Net-(U25-S4)] on Component - Copper
    @(141.9977 mm, 101.0000 mm): Track [Net-(U24-D)] on Component, length 8.5700 mm
[shorting_items]: Items shorting two nets (nets D06 and GND)
    Local override; error
    @(203.3927 mm, 146.2110 mm): Track [D06] on Component, length 6.8755 mm
    @(265.7814 mm, 28.6752 mm): Polygon [GND] on Component
[clearance]: Clearance violation (netclass 'Default' clearance 0.3000 mm; actual 0.2462 mm)
    Rule: netclass 'Default'; error
    @(200.0000 mm, 71.0000 mm): Track [+5V] on Copper, length 38.8000 mm
    @(203.6434 mm, 69.9538 mm): Via [Net-(U12-I3)] on Component - Copper
[clearance]: Clearance violation (netclass 'Default' clearance 0.3000 mm; actual 0.2017 mm)
    Rule: netclass 'Default'; error
    @(213.1607 mm, 76.0000 mm): Track [Net-(U21-Q3)] on Component, length 13.3974 mm
    @(213.5592 mm, 74.6798 mm): Via [Net-(U12-I1)] on Component - Copper
[clearance]: Clearance violation (netclass 'Default' clearance 0.3000 mm; actual 0.2260 mm)
    Rule: netclass 'Default'; error
    @(57.8303 mm, 130.5739 mm): Track [Net-(U41-OEa)] on Copper, length 0.8680 mm
    @(57.1543 mm, 130.8336 mm): Via [Net-(U48A-D)] on Component - Copper
[clearance]: Clearance violation (netclass 'Default' clearance 0.3000 mm; actual 0.2053 mm)
    Rule: netclass 'Default'; error
    @(202.2630 mm, 146.4139 mm): Via [D02] on Component - Copper
    @(202.5380 mm, 147.0657 mm): Track [D06] on Component, length 1.2087 mm
[clearance]: Clearance violation (netclass 'Default' clearance 0.3000 mm; actual 0.2369 mm)
    Rule: netclass 'Default'; error
    @(23.5230 mm, 72.0369 mm): Via [+8V] on Component - Copper
    @(20.0000 mm, 71.0000 mm): Track [+5V] on Copper, length 31.1000 mm
[clearance]: Clearance violation (netclass 'Default' clearance 0.3000 mm; actual 0.2116 mm)
    Rule: netclass 'Default'; error
    @(52.5848 mm, 125.3284 mm): Track [Net-(U41-OEa)] on Copper, length 7.4183 mm
    @(57.1543 mm, 130.8336 mm): Via [Net-(U48A-D)] on Component - Copper
[clearance]: Clearance violation (netclass 'Default' clearance 0.3000 mm; actual 0.2018 mm)
    Rule: netclass 'Default'; error
    @(202.2630 mm, 146.4139 mm): Via [D02] on Component - Copper
    @(181.3444 mm, 147.0657 mm): Track [D06] on Component, length 21.1936 mm
[clearance]: Clearance violation (netclass 'Default' clearance 0.3000 mm; actual 0.2017 mm)
    Rule: netclass 'Default'; error
    @(145.5503 mm, 103.6899 mm): Via [Net-(U32-D0)] on Component - Copper
    @(146.0263 mm, 102.2923 mm): Track [Net-(U32-D2)] on Component, length 1.7244 mm
[shorting_items]: Items shorting two nets (nets GND and Net-(J11-Pin_7))
    Local override; error
    @(265.7668 mm, 28.6731 mm): Polygon [GND] on Copper
    @(266.0270 mm, 76.2196 mm): Track [Net-(J11-Pin_7)] on Copper, length 0.1624 mm
[clearance]: Clearance violation (netclass 'Default' clearance 0.3000 mm; actual 0.2305 mm)
    Rule: netclass 'Default'; error
    @(189.7477 mm, 130.4943 mm): Track [Net-(U41-OEa)] on Component, length 14.9367 mm
    @(190.3470 mm, 130.8166 mm): Via [D16] on Component - Copper
[shorting_items]: Items shorting two nets (nets GND and Net-(J11-Pin_7))
    Local override; error
    @(265.7668 mm, 28.6731 mm): Polygon [GND] on Copper
    @(266.0270 mm, 105.0384 mm): Track [Net-(J11-Pin_7)] on Copper, length 28.8188 mm
[shorting_items]: Items shorting two nets (nets Net-(J11-Pin_7) and GND)
    Local override; error
    @(266.1418 mm, 76.1048 mm): Track [Net-(J11-Pin_7)] on Component, length 14.8622 mm
    @(265.7814 mm, 28.6752 mm): Polygon [GND] on Component
[clearance]: Clearance violation (netclass 'Default' clearance 0.3000 mm; actual 0.2730 mm)
    Rule: netclass 'Default'; error
    @(175.1000 mm, 71.0000 mm): Track [+5V] on Copper, length 24.9000 mm
    @(184.6759 mm, 69.9270 mm): Via [Net-(J17-Pin_14)] on Component - Copper
[clearance]: Clearance violation (netclass 'Default' clearance 0.3000 mm; actual 0.2017 mm)
    Rule: netclass 'Default'; error
    @(190.3470 mm, 130.8166 mm): Via [D16] on Component - Copper
    @(190.8446 mm, 129.3974 mm): Track [Net-(U41-OEa)] on Component, length 1.5513 mm
[shorting_items]: Items shorting two nets (nets GND and Net-(J11-Pin_12))
    Local override; error
    @(265.7668 mm, 28.6731 mm): Polygon [GND] on Copper
    @(17.5279 mm, 47.5838 mm): Track [Net-(J11-Pin_12)] on Copper, length 14.9554 mm
[clearance]: Clearance violation (netclass 'Default' clearance 0.3000 mm; actual 0.2398 mm)
    Rule: netclass 'Default'; error
    @(229.9223 mm, 129.9991 mm): Track [D16] on Component, length 38.7578 mm
    @(197.1135 mm, 129.4593 mm): Track [Net-(U41-OEa)] on Component, length 0.0875 mm
[shorting_items]: Items shorting two nets (nets GND and Net-(J11-Pin_12))
    Local override; error
    @(265.7668 mm, 28.6731 mm): Polygon [GND] on Copper
    @(17.5279 mm, 85.4814 mm): Track [Net-(J11-Pin_12)] on Copper, length 37.8976 mm
[shorting_items]: Items shorting two nets (nets Net-(J11-Pin_12) and +5V)
    Local override; error
    @(17.3318 mm, 85.6775 mm): Track [Net-(J11-Pin_12)] on Copper, length 0.2773 mm
    @(21.8766 mm, 84.0674 mm): Polygon [+5V] on Copper
[shorting_items]: Items shorting two nets (nets Net-(J11-Pin_12) and +5V)
    Local override; error
    @(17.3318 mm, 120.6994 mm): Track [Net-(J11-Pin_12)] on Copper, length 35.0219 mm
    @(21.8766 mm, 84.0674 mm): Polygon [+5V] on Copper
[shorting_items]: Items shorting two nets (nets Net-(J11-Pin_12) and +5V)
    Local override; error
    @(17.5210 mm, 120.8886 mm): Track [Net-(J11-Pin_12)] on Copper, length 0.2676 mm
    @(21.8766 mm, 84.0674 mm): Polygon [+5V] on Copper
[clearance]: Clearance violation (netclass 'Default' clearance 0.3000 mm; actual 0.2394 mm)
    Rule: netclass 'Default'; error
    @(38.9440 mm, 69.6866 mm): Via [Net-(J11-Pin_3)] on Component - Copper
    @(42.3000 mm, 71.8500 mm): Track [GND] on Component, length 3.2951 mm
[shorting_items]: Items shorting two nets (nets +8V and Net-(J11-Pin_12))
    Local override; error
    @(28.6632 mm, 63.3926 mm): Polygon [+8V] on Component
    @(17.5210 mm, 120.8886 mm): Via [Net-(J11-Pin_12)] on Component - Copper
[shorting_items]: Items shorting two nets (nets GND and Net-(J11-Pin_12))
    Local override; error
    @(265.7814 mm, 28.6752 mm): Polygon [GND] on Component
    @(30.0151 mm, 35.0966 mm): Track [Net-(J11-Pin_12)] on Component, length 2.7041 mm
[clearance]: Clearance violation (netclass 'Default' clearance 0.3000 mm; actual 0.2486 mm)
    Rule: netclass 'Default'; error
    @(151.3050 mm, 45.3000 mm): Track [+5V] on Copper, length 18.6950 mm
    @(165.6758 mm, 44.2514 mm): Via [Net-(U37B-Q)] on Component - Copper
[clearance]: Clearance violation (netclass 'Default' clearance 0.3000 mm; actual 0.2397 mm)
    Rule: netclass 'Default'; error
    @(197.1135 mm, 129.4594 mm): Track [Net-(U41-OEa)] on Component, length 0.0001 mm
    @(229.9223 mm, 129.9991 mm): Track [D16] on Component, length 38.7578 mm
[shorting_items]: Items shorting two nets (nets Net-(J11-Pin_12) and +5V)
    Local override; error
    @(17.5210 mm, 120.8886 mm): Via [Net-(J11-Pin_12)] on Component - Copper
    @(21.8766 mm, 84.0674 mm): Polygon [+5V] on Copper
[shorting_items]: Items shorting two nets (nets Net-(J11-Pin_12) and GND)
    Local override; error
    @(231.4866 mm, 35.0966 mm): Track [Net-(J11-Pin_12)] on Component, length 201.4715 mm
    @(265.7814 mm, 28.6752 mm): Polygon [GND] on Component
[clearance]: Clearance violation (netclass 'Default' clearance 0.3000 mm; actual 0.2017 mm)
    Rule: netclass 'Default'; error
    @(73.1730 mm, 81.8167 mm): Via [Net-(U37B-Q)] on Component - Copper
    @(71.4552 mm, 82.4684 mm): Track [Net-(U23A-~{R})] on Component, length 92.0764 mm
[clearance]: Clearance violation (netclass 'Default' clearance 0.3000 mm; actual 0.2381 mm)
    Rule: netclass 'Default'; error
    @(229.9223 mm, 129.9991 mm): Track [D16] on Component, length 38.7578 mm
    @(197.1119 mm, 129.4610 mm): Track [Net-(U41-OEa)] on Component, length 0.0023 mm
[shorting_items]: Items shorting two nets (nets GND and Net-(J11-Pin_12))
    Local override; error
    @(265.7814 mm, 28.6752 mm): Polygon [GND] on Component
    @(28.1030 mm, 37.0087 mm): Via [Net-(J11-Pin_12)] on Component - Copper
[shorting_items]: Items shorting two nets (nets GND and Net-(J11-Pin_12))
    Local override; error
    @(265.7668 mm, 28.6731 mm): Polygon [GND] on Copper
    @(28.1030 mm, 37.0087 mm): Via [Net-(J11-Pin_12)] on Component - Copper
[clearance]: Clearance violation (netclass 'Default' clearance 0.3000 mm; actual 0.1141 mm)
    Rule: netclass 'Default'; error
    @(229.9223 mm, 129.9991 mm): Track [D16] on Component, length 38.7578 mm
    @(197.1119 mm, 129.5850 mm): Track [Net-(U41-OEa)] on Component, length 0.1240 mm
[shorting_items]: Items shorting two nets (nets D16 and Net-(U41-OEa))
    Local override; error
    @(229.9223 mm, 129.9991 mm): Track [D16] on Component, length 38.7578 mm
    @(197.2530 mm, 129.7261 mm): Track [Net-(U41-OEa)] on Component, length 0.1995 mm
[shorting_items]: Items shorting two nets (nets D16 and Net-(U41-OEa))
    Local override; error
    @(229.9223 mm, 129.9991 mm): Track [D16] on Component, length 38.7578 mm
    @(225.8839 mm, 129.7261 mm): Track [Net-(U41-OEa)] on Component, length 28.6309 mm
[clearance]: Clearance violation (netclass 'Default' clearance 0.3000 mm; actual 0.2522 mm)
    Rule: netclass 'Default'; error
    @(142.5400 mm, 50.1200 mm): Track [Net-(U14-CP1..3)] on Component, length 3.5375 mm
    @(140.5857 mm, 51.0813 mm): Via [Net-(U14-Q1)] on Component - Copper
[shorting_items]: Items shorting two nets (nets D16 and Net-(U41-OEa))
    Local override; error
    @(229.9223 mm, 129.9991 mm): Track [D16] on Component, length 38.7578 mm
    @(228.6100 mm, 127.0000 mm): Track [Net-(U41-OEa)] on Component, length 3.8553 mm
[clearance]: Clearance violation (netclass 'Default' clearance 0.3000 mm; actual 0.2481 mm)
    Rule: netclass 'Default'; error
    @(236.3500 mm, 50.1200 mm): PTH pad 4 [unconnected-(J11-Pin_4-Pad4)] of J11
    @(235.4668 mm, 49.1015 mm): Via [Net-(J11-Pin_11)] on Component - Copper
[clearance]: Clearance violation (netclass 'Default' clearance 0.3000 mm; actual 0.2735 mm)
    Rule: netclass 'Default'; error
    @(198.2485 mm, 75.5535 mm): Via [Net-(J17-Pin_14)] on Component - Copper
    @(198.2485 mm, 73.6897 mm): Track [Net-(U12-S1)] on Component, length 1.1403 mm
[clearance]: Clearance violation (netclass 'Default' clearance 0.3000 mm; actual 0.2251 mm)
    Rule: netclass 'Default'; error
    @(173.0780 mm, 105.3055 mm): Via [Net-(U33-D1)] on Component - Copper
    @(154.1680 mm, 105.9806 mm): Track [Net-(U32-D2)] on Component, length 51.9472 mm
[shorting_items]: Items shorting two nets (nets Net-(J17-Pin_15) and GND)
    Local override; error
    @(259.4163 mm, 33.2172 mm): Track [Net-(J17-Pin_15)] on Component, length 198.1593 mm
    @(265.7814 mm, 28.6752 mm): Polygon [GND] on Component
[shorting_items]: Items shorting two nets (nets GND and Net-(J17-Pin_15))
    Local override; error
    @(265.7814 mm, 28.6752 mm): Polygon [GND] on Component
    @(261.8430 mm, 35.6439 mm): Track [Net-(J17-Pin_15)] on Component, length 3.4319 mm
[clearance]: Clearance violation (netclass 'Default' clearance 0.3000 mm; actual 0.2057 mm)
    Rule: netclass 'Default'; error
    @(202.7504 mm, 121.2943 mm): Via [Net-(U32-D1)] on Component - Copper
    @(199.7000 mm, 122.3000 mm): Track [+5V] on Copper, length 9.4121 mm
[clearance]: Clearance violation (netclass 'Default' clearance 0.3000 mm; actual 0.2507 mm)
    Rule: netclass 'Default'; error
    @(198.2485 mm, 75.5535 mm): Via [Net-(J17-Pin_14)] on Component - Copper
    @(197.9811 mm, 74.8300 mm): Track [Net-(U12-S1)] on Copper, length 6.6434 mm
[clearance]: Clearance violation (netclass 'Default' clearance 0.3000 mm; actual 0.2735 mm)
    Rule: netclass 'Default'; error
    @(198.2485 mm, 75.5535 mm): Via [Net-(J17-Pin_14)] on Component - Copper
    @(198.2485 mm, 74.8300 mm): Track [Net-(U12-S1)] on Copper, length 0.2674 mm
[clearance]: Clearance violation (netclass 'Default' clearance 0.3000 mm; actual 0.2505 mm)
    Rule: netclass 'Default'; error
    @(200.0000 mm, 71.0000 mm): Track [+5V] on Copper, length 38.8000 mm
    @(236.1743 mm, 69.9495 mm): Via [Net-(J11-Pin_11)] on Component - Copper
[clearance]: Clearance violation (netclass 'Default' clearance 0.3000 mm; actual 0.2500 mm)
    Rule: netclass 'Default'; error
    @(174.6250 mm, 152.7810 mm): Track [D05] on Component, length 4.2617 mm
    @(175.1135 mm, 148.0179 mm): Via [D00] on Component - Copper
[clearance]: Clearance violation (netclass 'Default' clearance 0.3000 mm; actual 0.2331 mm)
    Rule: netclass 'Default'; error
    @(58.3906 mm, 132.0022 mm): Track [Net-(U41-OEa)] on Component, length 114.3621 mm
    @(138.7110 mm, 131.3191 mm): Via [A11] on Component - Copper
[shorting_items]: Items shorting two nets (nets GND and Net-(J17-Pin_15))
    Local override; error
    @(265.7814 mm, 28.6752 mm): Polygon [GND] on Component
    @(261.1083 mm, 103.7701 mm): Track [Net-(J17-Pin_15)] on Component, length 3.8143 mm
[clearance]: Clearance violation (netclass 'Default' clearance 0.3000 mm; actual 0.2480 mm)
    Rule: netclass 'Default'; error
    @(48.8316 mm, 94.5427 mm): Via [Net-(U24-~{LOAD})] on Component - Copper
    @(45.4569 mm, 95.2407 mm): Track [Net-(U23A-~{Q})] on Copper, length 3.7815 mm
[clearance]: Clearance violation (netclass 'Default' clearance 0.3000 mm; actual 0.2251 mm)
    Rule: netclass 'Default'; error
    @(142.7444 mm, 44.1027 mm): Track [Net-(U14-Q3)] on Component, length 1.5329 mm
    @(143.8272 mm, 43.9746 mm): Via [Net-(U15-Q0)] on Component - Copper
[shorting_items]: Items shorting two nets (nets +8V and +5V)
    Local override; error
    @(16.7301 mm, 85.3575 mm): Track [+8V] on Copper, length 0.2066 mm
    @(21.8766 mm, 84.0674 mm): Polygon [+5V] on Copper
[clearance]: Clearance violation (netclass 'Default' clearance 0.3000 mm; actual 0.2093 mm)
    Rule: netclass 'Default'; error
    @(145.6324 mm, 103.7720 mm): Track [Net-(U32-D0)] on Component, length 52.8656 mm
    @(146.7447 mm, 104.4313 mm): Via [Net-(U32-D1)] on Component - Copper
[shorting_items]: Items shorting two nets (nets +8V and +5V)
    Local override; error
    @(16.7301 mm, 141.8682 mm): Track [+8V] on Copper, length 56.5107 mm
    @(21.8766 mm, 84.0674 mm): Polygon [+5V] on Copper
[shorting_items]: Items shorting two nets (nets Net-(J11-Pin_3) and GND)
    Local override; error
    @(44.2192 mm, 44.7179 mm): Via [Net-(J11-Pin_3)] on Component - Copper
    @(265.7814 mm, 28.6752 mm): Polygon [GND] on Component
[clearance]: Clearance violation (netclass 'Default' clearance 0.3000 mm; actual 0.0200 mm)
    Rule: netclass 'Default'; error
    @(265.7814 mm, 28.6752 mm): Polygon [GND] on Component
    @(246.6019 mm, 103.7701 mm): Track [Net-(J17-Pin_15)] on Component, length 14.5064 mm
[clearance]: Clearance violation (netclass 'Default' clearance 0.3000 mm; actual 0.2017 mm)
    Rule: netclass 'Default'; error
    @(128.3136 mm, 48.8272 mm): Via [Net-(U15-Q1)] on Component - Copper
    @(127.9425 mm, 50.1200 mm): Track [Net-(U14-Q3)] on Component, length 8.5097 mm
[clearance]: Clearance violation (netclass 'Default' clearance 0.3000 mm; actual 0.2017 mm)
    Rule: netclass 'Default'; error
    @(174.8442 mm, 65.8097 mm): Track [Net-(U23B-C)] on Component, length 3.6350 mm
    @(176.7835 mm, 66.8274 mm): Via [Net-(J17-Pin_13)] on Component - Copper
[shorting_items]: Items shorting two nets (nets Net-(J11-Pin_3) and GND)
    Local override; error
    @(44.2192 mm, 44.7179 mm): Via [Net-(J11-Pin_3)] on Component - Copper
    @(265.7668 mm, 28.6731 mm): Polygon [GND] on Copper
[shorting_items]: Items shorting two nets (nets GND and Net-(J17-Pin_15))
    Local override; error
    @(265.7668 mm, 28.6731 mm): Polygon [GND] on Copper
    @(264.5675 mm, 38.3684 mm): Track [Net-(J17-Pin_15)] on Copper, length 3.8530 mm
[clearance]: Clearance violation (netclass 'Default' clearance 0.3000 mm; actual 0.2017 mm)
    Rule: netclass 'Default'; error
    @(149.3253 mm, 66.4614 mm): Via [Net-(U24-A)] on Component - Copper
    @(149.0554 mm, 65.8097 mm): Track [Net-(U23B-C)] on Component, length 25.7888 mm
[shorting_items]: Items shorting two nets (nets GND and Net-(J17-Pin_15))
    Local override; error
    @(265.7668 mm, 28.6731 mm): Polygon [GND] on Copper
    @(264.5675 mm, 68.9989 mm): Track [Net-(J17-Pin_15)] on Copper, length 30.6305 mm
[shorting_items]: Items shorting two nets (nets GND and Net-(J17-Pin_15))
    Local override; error
    @(265.7668 mm, 28.6731 mm): Polygon [GND] on Copper
    @(265.1692 mm, 69.6006 mm): Track [Net-(J17-Pin_15)] on Copper, length 0.8509 mm
[clearance]: Clearance violation (netclass 'Default' clearance 0.3000 mm; actual 0.2017 mm)
    Rule: netclass 'Default'; error
    @(149.3253 mm, 66.4614 mm): Via [Net-(U24-A)] on Component - Copper
    @(148.6736 mm, 66.1915 mm): Track [Net-(U23B-C)] on Component, length 0.5399 mm
[clearance]: Clearance violation (netclass 'Default' clearance 0.3000 mm; actual 0.2017 mm)
    Rule: netclass 'Default'; error
    @(49.8793 mm, 101.5769 mm): Via [Net-(U33-~{Q0})] on Component - Copper
    @(49.2276 mm, 101.1338 mm): Track [Net-(U38-~{LOAD})] on Copper, length 7.7434 mm
[clearance]: Clearance violation (netclass 'Default' clearance 0.3000 mm; actual 0.2017 mm)
    Rule: netclass 'Default'; error
    @(172.4263 mm, 105.0356 mm): Track [Net-(U23A-Q)] on Copper, length 9.5397 mm
    @(173.0780 mm, 105.3055 mm): Via [Net-(U33-D1)] on Component - Copper
[shorting_items]: Items shorting two nets (nets GND and Net-(J17-Pin_15))
    Local override; error
    @(265.7668 mm, 28.6731 mm): Polygon [GND] on Copper
    @(265.1692 mm, 75.2816 mm): Track [Net-(J17-Pin_15)] on Copper, length 5.6810 mm
[clearance]: Clearance violation (netclass 'Default' clearance 0.3000 mm; actual 0.2435 mm)
    Rule: netclass 'Default'; error
    @(124.2438 mm, 49.1015 mm): Via [Net-(U15-Q2)] on Component - Copper
    @(125.1200 mm, 50.1200 mm): PTH pad 6 [Net-(U14-Q2)] of U15
[clearance]: Clearance violation (netclass 'Default' clearance 0.3000 mm; actual 0.2108 mm)
    Rule: netclass 'Default'; error
    @(172.5399 mm, 104.9220 mm): Track [Net-(U23A-Q)] on Copper, length 0.1607 mm
    @(173.0780 mm, 105.3055 mm): Via [Net-(U33-D1)] on Component - Copper
[shorting_items]: Items shorting two nets (nets Net-(J17-Pin_15) and GND)
    Local override; error
    @(263.8054 mm, 76.6454 mm): Track [Net-(J17-Pin_15)] on Copper, length 1.9287 mm
    @(265.7668 mm, 28.6731 mm): Polygon [GND] on Copper
[clearance]: Clearance violation (netclass 'Default' clearance 0.3000 mm; actual 0.2290 mm)
    Rule: netclass 'Default'; error
    @(233.2328 mm, 69.6450 mm): Via [Net-(J11-Pin_3)] on Component - Copper
    @(233.8283 mm, 69.3188 mm): Track [Net-(J11-Pin_5)] on Component, length 1.4572 mm
[shorting_items]: Items shorting two nets (nets Net-(J17-Pin_15) and GND)
    Local override; error
    @(263.8054 mm, 101.0730 mm): Track [Net-(J17-Pin_15)] on Copper, length 24.4276 mm
    @(265.7668 mm, 28.6731 mm): Polygon [GND] on Copper
[clearance]: Clearance violation (netclass 'Default' clearance 0.3000 mm; actual 0.2108 mm)
    Rule: netclass 'Default'; error
    @(172.5399 mm, 99.4577 mm): Track [Net-(U23A-Q)] on Copper, length 5.4643 mm
    @(173.0780 mm, 105.3055 mm): Via [Net-(U33-D1)] on Component - Copper
[clearance]: Clearance violation (netclass 'Default' clearance 0.3000 mm; actual 0.2440 mm)
    Rule: netclass 'Default'; error
    @(79.7672 mm, 45.8553 mm): Track [Net-(J11-Pin_14)] on Component, length 3.5683 mm
    @(78.4682 mm, 46.1729 mm): Via [Net-(J17-Pin_6)] on Component - Copper
[clearance]: Clearance violation (netclass 'Default' clearance 0.3000 mm; actual 0.2782 mm)
    Rule: netclass 'Default'; error
    @(182.3529 mm, 129.8692 mm): Track [D07] on Component, length 0.0001 mm
    @(189.2493 mm, 129.2909 mm): Track [D03] on Component, length 10.5071 mm
[clearance]: Clearance violation (netclass 'Default' clearance 0.3000 mm; actual 0.2090 mm)
    Rule: netclass 'Default'; error
    @(228.6324 mm, 53.1830 mm): Track [Net-(J11-Pin_2)] on Component, length 55.5694 mm
    @(180.3528 mm, 53.8420 mm): Via [Net-(J11-Pin_13)] on Component - Copper
[clearance]: Clearance violation (netclass 'Default' clearance 0.3000 mm; actual 0.2017 mm)
    Rule: netclass 'Default'; error
    @(149.3253 mm, 66.4614 mm): Via [Net-(U24-A)] on Component - Copper
    @(148.6736 mm, 68.2036 mm): Track [Net-(U23B-C)] on Component, length 2.0121 mm
[clearance]: Clearance violation (netclass 'Default' clearance 0.3000 mm; actual 0.2783 mm)
    Rule: netclass 'Default'; error
    @(189.2493 mm, 129.2909 mm): Track [D03] on Component, length 10.5071 mm
    @(182.3763 mm, 129.8926 mm): Track [D07] on Component, length 0.0331 mm
[clearance]: Clearance violation (netclass 'Default' clearance 0.3000 mm; actual 0.2017 mm)
    Rule: netclass 'Default'; error
    @(152.6130 mm, 62.9089 mm): Via [Net-(U24-~{LOAD})] on Component - Copper
    @(89.3380 mm, 63.5606 mm): Track [Net-(J11-Pin_15)] on Component, length 122.7060 mm
[clearance]: Clearance violation (netclass 'Default' clearance 0.3000 mm; actual 0.2017 mm)
    Rule: netclass 'Default'; error
    @(57.4065 mm, 117.0561 mm): Track [Net-(U38-~{LOAD})] on Component, length 10.3496 mm
    @(59.2710 mm, 116.4044 mm): Via [Net-(U41-I5)] on Component - Copper
[clearance]: Clearance violation (netclass 'Default' clearance 0.3000 mm; actual 0.2593 mm)
    Rule: netclass 'Default'; error
    @(182.4030 mm, 39.1772 mm): Via [Net-(J17-Pin_14)] on Component - Copper
    @(162.5798 mm, 39.8865 mm): Track [Net-(J11-Pin_14)] on Component, length 68.6167 mm
[clearance]: Clearance violation (netclass 'Default' clearance 0.3000 mm; actual 0.2202 mm)
    Rule: netclass 'Default'; error
    @(92.4000 mm, 96.2000 mm): Track [+5V] on Copper, length 54.8416 mm
    @(128.4626 mm, 95.1798 mm): Via [Net-(U25-B4)] on Component - Copper
[clearance]: Clearance violation (netclass 'Default' clearance 0.3000 mm; actual 0.2260 mm)
    Rule: netclass 'Default'; error
    @(148.8500 mm, 101.0000 mm): Track [Net-(J11-Pin_10)] on Component, length 7.6200 mm
    @(148.1740 mm, 94.9400 mm): Via [Net-(U24-D)] on Component - Copper
[clearance]: Clearance violation (netclass 'Default' clearance 0.3000 mm; actual 0.2028 mm)
    Rule: netclass 'Default'; error
    @(147.6982 mm, 78.0992 mm): Via [Net-(U24-C)] on Component - Copper
    @(147.5983 mm, 77.2759 mm): Track [+5V] on Copper, length 3.5921 mm
[shorting_items]: Items shorting two nets (nets Net-(J11-Pin_10) and GND)
    Local override; error
    @(263.4031 mm, 41.2218 mm): Track [Net-(J11-Pin_10)] on Component, length 3.3275 mm
    @(265.7814 mm, 28.6752 mm): Polygon [GND] on Component
[clearance]: Clearance violation (netclass 'Default' clearance 0.3000 mm; actual 0.2017 mm)
    Rule: netclass 'Default'; error
    @(175.1135 mm, 148.0179 mm): Via [D00] on Component - Copper
    @(175.3835 mm, 148.6696 mm): Track [D05] on Component, length 1.8745 mm
[shorting_items]: Items shorting two nets (nets Net-(J11-Pin_10) and GND)
    Local override; error
    @(245.2482 mm, 41.2218 mm): Track [Net-(J11-Pin_10)] on Component, length 18.1549 mm
    @(265.7814 mm, 28.6752 mm): Polygon [GND] on Component
[clearance]: Clearance violation (netclass 'Default' clearance 0.3000 mm; actual 0.2017 mm)
    Rule: netclass 'Default'; error
    @(174.8436 mm, 148.6696 mm): Track [D05] on Component, length 0.5399 mm
    @(175.1135 mm, 148.0179 mm): Via [D00] on Component - Copper
[clearance]: Clearance violation (netclass 'Default' clearance 0.3000 mm; actual 0.2284 mm)
    Rule: netclass 'Default'; error
    @(138.7110 mm, 125.3284 mm): Via [A11] on Component - Copper
    @(130.0000 mm, 124.3000 mm): Track [GND] on Copper, length 28.5000 mm
[clearance]: Clearance violation (netclass 'Default' clearance 0.3000 mm; actual 0.2042 mm)
    Rule: netclass 'Default'; error
    @(174.6933 mm, 148.5193 mm): Track [D05] on Component, length 0.2126 mm
    @(175.1135 mm, 148.0179 mm): Via [D00] on Component - Copper
[clearance]: Clearance violation (netclass 'Default' clearance 0.3000 mm; actual 0.2017 mm)
    Rule: netclass 'Default'; error
    @(61.3347 mm, 81.1650 mm): Track [Net-(U23A-~{R})] on Component, length 8.8171 mm
    @(63.2430 mm, 81.8167 mm): Via [Net-(U23B-~{R})] on Component - Copper
[clearance]: Clearance violation (netclass 'Default' clearance 0.3000 mm; actual 0.2017 mm)
    Rule: netclass 'Default'; error
    @(208.8597 mm, 103.2361 mm): Via [Net-(U32-D2)] on Component - Copper
    @(208.2080 mm, 101.6820 mm): Track [+5V] on Copper, length 7.1331 mm
[clearance]: Clearance violation (netclass 'Default' clearance 0.3000 mm; actual 0.2042 mm)
    Rule: netclass 'Default'; error
    @(174.6250 mm, 148.5193 mm): Track [D05] on Component, length 0.0683 mm
    @(175.1135 mm, 148.0179 mm): Via [D00] on Component - Copper
[clearance]: Clearance violation (netclass 'Default' clearance 0.3000 mm; actual 0.2190 mm)
    Rule: netclass 'Default'; error
    @(179.8118 mm, 146.6751 mm): Track [D02] on Component, length 7.6955 mm
    @(178.5887 mm, 147.3441 mm): Via [D05] on Component - Copper
[clearance]: Clearance violation (netclass 'Default' clearance 0.3000 mm; actual 0.2471 mm)
    Rule: netclass 'Default'; error
    @(57.2850 mm, 81.2460 mm): Via [Net-(U24-~{LOAD})] on Component - Copper
    @(57.0111 mm, 80.5489 mm): Track [Net-(U23A-~{R})] on Copper, length 1.9747 mm
[clearance]: Clearance violation (netclass 'Default' clearance 0.3000 mm; actual 0.2017 mm)
    Rule: netclass 'Default'; error
    @(179.5906 mm, 145.9746 mm): Via [D12] on Component - Copper
    @(180.0714 mm, 146.4155 mm): Track [D02] on Component, length 0.3671 mm
[clearance]: Clearance violation (netclass 'Default' clearance 0.3000 mm; actual 0.2366 mm)
    Rule: netclass 'Default'; error
    @(57.2850 mm, 81.2460 mm): Via [Net-(U24-~{LOAD})] on Component - Copper
    @(47.6417 mm, 89.9183 mm): Track [Net-(U23A-~{R})] on Copper, length 13.2503 mm
[clearance]: Clearance violation (netclass 'Default' clearance 0.3000 mm; actual 0.2024 mm)
    Rule: netclass 'Default'; error
    @(202.2630 mm, 146.4155 mm): Track [D02] on Component, length 22.1916 mm
    @(179.5906 mm, 145.9746 mm): Via [D12] on Component - Copper
[clearance]: Clearance violation (netclass 'Default' clearance 0.3000 mm; actual 0.2284 mm)
    Rule: netclass 'Default'; error
    @(72.5000 mm, 124.3000 mm): Track [GND] on Copper, length 24.9200 mm
    @(51.3270 mm, 125.3284 mm): Via [Net-(U41-OEa)] on Component - Copper
[clearance]: Clearance violation (netclass 'Default' clearance 0.3000 mm; actual 0.2174 mm)
    Rule: netclass 'Default'; error
    @(49.8793 mm, 101.5769 mm): Via [Net-(U33-~{Q0})] on Component - Copper
    @(48.9430 mm, 103.4570 mm): Track [Net-(U38-DOWN)] on Component, length 3.3715 mm
[shorting_items]: Items shorting two nets (nets Net-(J11-Pin_10) and GND)
    Local override; error
    @(265.7709 mm, 43.5896 mm): Track [Net-(J11-Pin_10)] on Copper, length 0.0211 mm
    @(265.7668 mm, 28.6731 mm): Polygon [GND] on Copper
[shorting_items]: Items shorting two nets (nets Net-(J11-Pin_10) and GND)
    Local override; error
    @(265.7709 mm, 75.5308 mm): Track [Net-(J11-Pin_10)] on Copper, length 31.9412 mm
    @(265.7668 mm, 28.6731 mm): Polygon [GND] on Copper
[shorting_items]: Items shorting two nets (nets GND and Net-(J11-Pin_10))
    Local override; error
    @(265.7668 mm, 28.6731 mm): Polygon [GND] on Copper
    @(265.3193 mm, 75.9824 mm): Track [Net-(J11-Pin_10)] on Copper, length 0.6387 mm
[shorting_items]: Items shorting two nets (nets GND and Net-(J11-Pin_10))
    Local override; error
    @(265.7668 mm, 28.6731 mm): Polygon [GND] on Copper
    @(265.3193 mm, 113.4616 mm): Track [Net-(J11-Pin_10)] on Copper, length 37.4792 mm
[shorting_items]: Items shorting two nets (nets GND and Net-(J11-Pin_10))
    Local override; error
    @(265.7668 mm, 28.6731 mm): Polygon [GND] on Copper
    @(263.8290 mm, 114.9519 mm): Track [Net-(J11-Pin_10)] on Copper, length 2.1076 mm
[clearance]: Clearance violation (netclass 'Default' clearance 0.3000 mm; actual 0.2939 mm)
    Rule: netclass 'Default'; error
    @(108.9210 mm, 99.3908 mm): Via [Net-(U26-S4)] on Component - Copper
    @(105.5222 mm, 94.9400 mm): Track [Net-(U26-C4)] on Component, length 6.8070 mm
[clearance]: Clearance violation (netclass 'Default' clearance 0.3000 mm; actual 0.2993 mm)
    Rule: netclass 'Default'; error
    @(260.8311 mm, 111.9540 mm): Track [Net-(J11-Pin_10)] on Component, length 82.0469 mm
    @(265.7814 mm, 28.6752 mm): Polygon [GND] on Component
[clearance]: Clearance violation (netclass 'Default' clearance 0.3000 mm; actual 0.2486 mm)
    Rule: netclass 'Default'; error
    @(125.0000 mm, 119.5293 mm): Track [A13] on Component, length 4.7786 mm
    @(127.7495 mm, 121.2908 mm): Via [Net-(U25-S3)] on Component - Copper
[shorting_items]: Items shorting two nets (nets GND and Net-(J11-Pin_10))
    Local override; error
    @(265.7814 mm, 28.6752 mm): Polygon [GND] on Component
    @(263.8290 mm, 114.9519 mm): Track [Net-(J11-Pin_10)] on Component, length 4.2397 mm
[clearance]: Clearance violation (netclass 'Default' clearance 0.3000 mm; actual 0.2284 mm)
    Rule: netclass 'Default'; error
    @(227.7740 mm, 125.3284 mm): Via [Net-(J17-Pin_13)] on Component - Copper
    @(214.9000 mm, 124.3000 mm): Track [GND] on Copper, length 31.5000 mm
[shorting_items]: Items shorting two nets (nets Net-(J11-Pin_6) and GND)
    Local override; error
    @(261.5855 mm, 133.0013 mm): Track [Net-(J11-Pin_6)] on Component, length 5.8980 mm
    @(265.7814 mm, 28.6752 mm): Polygon [GND] on Component
[clearance]: Clearance violation (netclass 'Default' clearance 0.3000 mm; actual 0.2017 mm)
    Rule: netclass 'Default'; error
    @(92.4313 mm, 77.6742 mm): Via [Net-(U26-S4)] on Component - Copper
    @(91.6788 mm, 76.0000 mm): Track [Net-(U26-B3)] on Copper, length 6.5495 mm
[shorting_items]: Items shorting two nets (nets Net-(J11-Pin_6) and GND)
    Local override; error
    @(170.4870 mm, 133.0013 mm): Track [Net-(J11-Pin_6)] on Component, length 91.0985 mm
    @(265.7814 mm, 28.6752 mm): Polygon [GND] on Component
[shorting_items]: Items shorting two nets (nets GND and Net-(J11-Pin_6))
    Local override; error
    @(265.7814 mm, 28.6752 mm): Polygon [GND] on Component
    @(245.3689 mm, 54.0589 mm): Track [Net-(J11-Pin_6)] on Component, length 16.4741 mm
[clearance]: Clearance violation (netclass 'Default' clearance 0.3000 mm; actual 0.2096 mm)
    Rule: netclass 'Default'; error
    @(172.8634 mm, 105.0909 mm): Track [Net-(U33-D1)] on Component, length 56.4362 mm
    @(146.7447 mm, 104.4313 mm): Via [Net-(U32-D1)] on Component - Copper
[shorting_items]: Items shorting two nets (nets GND and Net-(J11-Pin_6))
    Local override; error
    @(265.7668 mm, 28.6731 mm): Polygon [GND] on Copper
    @(261.8430 mm, 67.4255 mm): Track [Net-(J11-Pin_6)] on Copper, length 13.3666 mm
[shorting_items]: Items shorting two nets (nets GND and Net-(J11-Pin_6))
    Local override; error
    @(265.7668 mm, 28.6731 mm): Polygon [GND] on Copper
    @(264.5675 mm, 70.1500 mm): Track [Net-(J11-Pin_6)] on Copper, length 3.8530 mm
[clearance]: Clearance violation (netclass 'Default' clearance 0.3000 mm; actual 0.2189 mm)
    Rule: netclass 'Default'; error
    @(184.0242 mm, 70.0905 mm): Track [Net-(U23B-~{Q})] on Component, length 7.2350 mm
    @(178.7620 mm, 74.4068 mm): Via [PRESET] on Component - Copper
[clearance]: Clearance violation (netclass 'Default' clearance 0.3000 mm; actual 0.2017 mm)
    Rule: netclass 'Default'; error
    @(79.2112 mm, 69.2696 mm): Track [Net-(J17-Pin_10)] on Copper, length 8.4808 mm
    @(78.5595 mm, 61.4190 mm): Via [Net-(U24-~{LOAD})] on Component - Copper
[clearance]: Clearance violation (netclass 'Default' clearance 0.3000 mm; actual 0.2017 mm)
    Rule: netclass 'Default'; error
    @(184.6759 mm, 69.9270 mm): Via [Net-(J17-Pin_14)] on Component - Copper
    @(184.0242 mm, 69.5958 mm): Track [Net-(U23B-~{Q})] on Component, length 0.4947 mm
[clearance]: Clearance violation (netclass 'Default' clearance 0.3000 mm; actual 0.2016 mm)
    Rule: netclass 'Default'; error
    @(78.5681 mm, 69.9205 mm): Via [Net-(U24-~{LOAD})] on Component - Copper
    @(79.1310 mm, 69.3498 mm): Via [Net-(J17-Pin_10)] on Component - Copper
[shorting_items]: Items shorting two nets (nets GND and Net-(J11-Pin_6))
    Local override; error
    @(265.7668 mm, 28.6731 mm): Polygon [GND] on Copper
    @(264.5675 mm, 74.7325 mm): Track [Net-(J11-Pin_6)] on Copper, length 4.5825 mm
[shorting_items]: Items shorting two nets (nets GND and Net-(J11-Pin_6))
    Local override; error
    @(265.7668 mm, 28.6731 mm): Polygon [GND] on Copper
    @(263.1139 mm, 76.1861 mm): Track [Net-(J11-Pin_6)] on Copper, length 2.0557 mm
[clearance]: Clearance violation (netclass 'Default' clearance 0.3000 mm; actual 0.2450 mm)
    Rule: netclass 'Default'; error
    @(184.6759 mm, 69.9270 mm): Via [Net-(J17-Pin_14)] on Component - Copper
    @(185.2400 mm, 68.3800 mm): Track [Net-(U23B-~{Q})] on Component, length 1.7194 mm
[shorting_items]: Items shorting two nets (nets GND and Net-(J11-Pin_6))
    Local override; error
    @(265.7668 mm, 28.6731 mm): Polygon [GND] on Copper
    @(263.1139 mm, 115.3865 mm): Track [Net-(J11-Pin_6)] on Copper, length 39.2004 mm
[clearance]: Clearance violation (netclass 'Default' clearance 0.3000 mm; actual 0.2795 mm)
    Rule: netclass 'Default'; error
    @(78.5681 mm, 69.9205 mm): Via [Net-(U24-~{LOAD})] on Component - Copper
    @(57.0000 mm, 71.0000 mm): Track [+5V] on Copper, length 34.7000 mm
[clearance]: Clearance violation (netclass 'Default' clearance 0.3000 mm; actual 0.2417 mm)
    Rule: netclass 'Default'; error
    @(240.2861 mm, 121.1867 mm): Via [Net-(U31A-~{Q})] on Component - Copper
    @(241.1146 mm, 119.3800 mm): Track [D16] on Component, length 6.9364 mm
[clearance]: Clearance violation (netclass 'Default' clearance 0.3000 mm; actual 0.2017 mm)
    Rule: netclass 'Default'; error
    @(231.8726 mm, 117.7043 mm): Track [Net-(J17-Pin_12)] on Component, length 2.3698 mm
    @(232.6077 mm, 117.5178 mm): Via [Net-(J17-Pin_14)] on Component - Copper
[shorting_items]: Items shorting two nets (nets GND and Net-(J11-Pin_6))
    Local override; error
    @(265.7668 mm, 28.6731 mm): Polygon [GND] on Copper
    @(265.7560 mm, 118.0286 mm): Track [Net-(J11-Pin_6)] on Copper, length 3.7365 mm
[shorting_items]: Items shorting two nets (nets GND and Net-(J11-Pin_6))
    Local override; error
    @(265.7668 mm, 28.6731 mm): Polygon [GND] on Copper
    @(265.7560 mm, 128.8308 mm): Track [Net-(J11-Pin_6)] on Copper, length 10.8022 mm
[clearance]: Clearance violation (netclass 'Default' clearance 0.3000 mm; actual 0.2487 mm)
    Rule: netclass 'Default'; error
    @(148.6410 mm, 103.0733 mm): Via [Net-(J11-Pin_10)] on Component - Copper
    @(145.6324 mm, 103.7720 mm): Track [Net-(U32-D0)] on Component, length 52.8656 mm
[clearance]: Clearance violation (netclass 'Default' clearance 0.3000 mm; actual 0.2080 mm)
    Rule: netclass 'Default'; error
    @(178.0364 mm, 111.0738 mm): Track [Net-(U31A-~{Q})] on Component, length 102.2489 mm
    @(100.9770 mm, 110.4158 mm): Via [Net-(U31A-D)] on Component - Copper
[clearance]: Clearance violation (netclass 'Default' clearance 0.3000 mm; actual 0.2084 mm)
    Rule: netclass 'Default'; error
    @(178.0364 mm, 111.0738 mm): Track [Net-(U31A-~{Q})] on Component, length 102.2489 mm
    @(178.4310 mm, 111.6008 mm): Via [Net-(J11-Pin_10)] on Component - Copper
[clearance]: Clearance violation (netclass 'Default' clearance 0.3000 mm; actual 0.2084 mm)
    Rule: netclass 'Default'; error
    @(178.1611 mm, 110.9491 mm): Track [Net-(U31A-~{Q})] on Component, length 0.1764 mm
    @(178.4310 mm, 111.6008 mm): Via [Net-(J11-Pin_10)] on Component - Copper
[shorting_items]: Items shorting two nets (nets GND and Net-(J11-Pin_10))
    Local override; error
    @(265.7814 mm, 28.6752 mm): Polygon [GND] on Component
    @(263.8290 mm, 114.9519 mm): Via [Net-(J11-Pin_10)] on Component - Copper
[shorting_items]: Items shorting two nets (nets GND and Net-(J11-Pin_10))
    Local override; error
    @(265.7668 mm, 28.6731 mm): Polygon [GND] on Copper
    @(263.8290 mm, 114.9519 mm): Via [Net-(J11-Pin_10)] on Component - Copper
[clearance]: Clearance violation (netclass 'Default' clearance 0.3000 mm; actual 0.2017 mm)
    Rule: netclass 'Default'; error
    @(212.4675 mm, 110.9491 mm): Track [Net-(U31A-~{Q})] on Component, length 34.3064 mm
    @(178.4310 mm, 111.6008 mm): Via [Net-(J11-Pin_10)] on Component - Copper
[shorting_items]: Items shorting two nets (nets Net-(J11-Pin_10) and GND)
    Local override; error
    @(265.7560 mm, 43.5747 mm): Via [Net-(J11-Pin_10)] on Component - Copper
    @(265.7814 mm, 28.6752 mm): Polygon [GND] on Component
[clearance]: Clearance violation (netclass 'Default' clearance 0.3000 mm; actual 0.2017 mm)
    Rule: netclass 'Default'; error
    @(47.6190 mm, 94.5890 mm): Via [Net-(U23A-~{R})] on Component - Copper
    @(45.4569 mm, 95.2407 mm): Track [Net-(U23A-~{Q})] on Copper, length 3.7815 mm
[shorting_items]: Items shorting two nets (nets GND and Net-(J11-Pin_10))
    Local override; error
    @(265.7668 mm, 28.6731 mm): Polygon [GND] on Copper
    @(265.7560 mm, 43.5747 mm): Via [Net-(J11-Pin_10)] on Component - Copper
[clearance]: Clearance violation (netclass 'Default' clearance 0.3000 mm; actual 0.2031 mm)
    Rule: netclass 'Default'; error
    @(79.1310 mm, 39.7181 mm): Via [Net-(J11-Pin_14)] on Component - Copper
    @(80.0328 mm, 40.3712 mm): Track [Net-(J11-Pin_3)] on Component, length 13.8490 mm
[clearance]: Clearance violation (netclass 'Default' clearance 0.3000 mm; actual 0.2758 mm)
    Rule: netclass 'Default'; error
    @(242.4927 mm, 111.0738 mm): Track [Net-(U31A-~{Q})] on Component, length 29.9005 mm
    @(214.1790 mm, 110.3480 mm): Via [Net-(U31A-D)] on Component - Copper
[shorting_items]: Items shorting two nets (nets Net-(J11-Pin_7) and GND)
    Local override; error
    @(266.1418 mm, 76.1048 mm): Via [Net-(J11-Pin_7)] on Component - Copper
    @(265.7814 mm, 28.6752 mm): Polygon [GND] on Component
[shorting_items]: Items shorting two nets (nets Net-(J11-Pin_7) and GND)
    Local override; error
    @(266.1418 mm, 76.1048 mm): Via [Net-(J11-Pin_7)] on Component - Copper
    @(265.7668 mm, 28.6731 mm): Polygon [GND] on Copper
[clearance]: Clearance violation (netclass 'Default' clearance 0.3000 mm; actual 0.2284 mm)
    Rule: netclass 'Default'; error
    @(213.8430 mm, 125.3284 mm): Via [D06] on Component - Copper
    @(184.9000 mm, 124.3000 mm): Track [GND] on Copper, length 30.0000 mm
[clearance]: Clearance violation (netclass 'Default' clearance 0.3000 mm; actual 0.2522 mm)
    Rule: netclass 'Default'; error
    @(172.9025 mm, 134.1375 mm): Track [D04] on Copper, length 10.0939 mm
    @(178.6658 mm, 129.3673 mm): Via [D03] on Component - Copper
[clearance]: Clearance violation (netclass 'Default' clearance 0.3000 mm; actual 0.2017 mm)
    Rule: netclass 'Default'; error
    @(168.3830 mm, 108.8708 mm): Track [Net-(U33-D0)] on Component, length 79.4133 mm
    @(144.6690 mm, 109.5225 mm): Via [Net-(J11-Pin_7)] on Component - Copper
[clearance]: Clearance violation (netclass 'Default' clearance 0.3000 mm; actual 0.2762 mm)
    Rule: netclass 'Default'; error
    @(172.1763 mm, 144.6924 mm): Via [D01] on Component - Copper
    @(172.9025 mm, 150.6405 mm): Track [D04] on Copper, length 16.5030 mm
[clearance]: Clearance violation (netclass 'Default' clearance 0.3000 mm; actual 0.2196 mm)
    Rule: netclass 'Default'; error
    @(74.1512 mm, 69.2688 mm): Track [Net-(J17-Pin_10)] on Component, length 9.5194 mm
    @(67.7824 mm, 74.6906 mm): Via [Net-(J17-Pin_7)] on Component - Copper
[clearance]: Clearance violation (netclass 'Default' clearance 0.3000 mm; actual 0.2971 mm)
    Rule: netclass 'Default'; error
    @(118.7883 mm, 99.7483 mm): Track [Net-(J11-Pin_9)] on Component, length 1.8437 mm
    @(119.4076 mm, 99.3304 mm): Via [Net-(U26-S3)] on Component - Copper
[clearance]: Clearance violation (netclass 'Default' clearance 0.3000 mm; actual 0.2284 mm)
    Rule: netclass 'Default'; error
    @(158.5000 mm, 124.3000 mm): Track [GND] on Copper, length 26.4000 mm
    @(160.5570 mm, 125.3284 mm): Via [Net-(U23A-Q)] on Component - Copper
[shorting_items]: Items shorting two nets (nets GND and Net-(J11-Pin_7))
    Local override; error
    @(265.7814 mm, 28.6752 mm): Polygon [GND] on Component
    @(266.0270 mm, 105.0384 mm): Via [Net-(J11-Pin_7)] on Component - Copper
[clearance]: Clearance violation (netclass 'Default' clearance 0.3000 mm; actual 0.2017 mm)
    Rule: netclass 'Default'; error
    @(79.0500 mm, 69.2688 mm): Track [Net-(J17-Pin_10)] on Component, length 4.8988 mm
    @(78.5681 mm, 69.9205 mm): Via [Net-(U24-~{LOAD})] on Component - Copper
[shorting_items]: Items shorting two nets (nets GND and Net-(J11-Pin_7))
    Local override; error
    @(265.7668 mm, 28.6731 mm): Polygon [GND] on Copper
    @(266.0270 mm, 105.0384 mm): Via [Net-(J11-Pin_7)] on Component - Copper
[clearance]: Clearance violation (netclass 'Default' clearance 0.3000 mm; actual 0.2343 mm)
    Rule: netclass 'Default'; error
    @(226.0429 mm, 99.3387 mm): Via [Net-(J17-Pin_14)] on Component - Copper
    @(225.2764 mm, 101.0730 mm): Track [Net-(J11-Pin_5)] on Component, length 3.9663 mm
[clearance]: Clearance violation (netclass 'Default' clearance 0.3000 mm; actual 0.2834 mm)
    Rule: netclass 'Default'; error
    @(120.0400 mm, 101.0000 mm): Track [Net-(J11-Pin_9)] on Component, length 1.7702 mm
    @(119.4076 mm, 99.3304 mm): Via [Net-(U26-S3)] on Component - Copper
[clearance]: Clearance violation (netclass 'Default' clearance 0.3000 mm; actual 0.2017 mm)
    Rule: netclass 'Default'; error
    @(129.3909 mm, 79.0969 mm): Via [Net-(U25-S3)] on Component - Copper
    @(128.9300 mm, 79.5576 mm): Track [Net-(U25-B4)] on Copper, length 15.1548 mm
[shorting_items]: Items shorting two nets (nets GND and D13)
    Local override; error
    @(265.7668 mm, 28.6731 mm): Polygon [GND] on Copper
    @(222.0735 mm, 146.3288 mm): Track [D13] on Copper, length 0.2222 mm
[clearance]: Clearance violation (netclass 'Default' clearance 0.3000 mm; actual 0.2991 mm)
    Rule: netclass 'Default'; error
    @(147.6982 mm, 78.0992 mm): Via [Net-(U24-C)] on Component - Copper
    @(149.2962 mm, 77.3501 mm): Track [Net-(U37B-Q)] on Component, length 3.8727 mm
[clearance]: Clearance violation (netclass 'Default' clearance 0.3000 mm; actual 0.2017 mm)
    Rule: netclass 'Default'; error
    @(129.3909 mm, 79.0969 mm): Via [Net-(U25-S3)] on Component - Copper
    @(128.2859 mm, 78.9135 mm): Track [Net-(U25-B4)] on Copper, length 0.9109 mm
[clearance]: Clearance violation (netclass 'Default' clearance 0.3000 mm; actual 0.2091 mm)
    Rule: netclass 'Default'; error
    @(127.0216 mm, 120.6317 mm): Track [Net-(J11-Pin_7)] on Component, length 3.8238 mm
    @(127.7495 mm, 121.2908 mm): Via [Net-(U25-S3)] on Component - Copper
[clearance]: Clearance violation (netclass 'Default' clearance 0.3000 mm; actual 0.2017 mm)
    Rule: netclass 'Default'; error
    @(224.3711 mm, 144.9528 mm): Via [D12] on Component - Copper
    @(232.4201 mm, 135.9822 mm): Track [D13] on Copper, length 14.6323 mm
[clearance]: Clearance violation (netclass 'Default' clearance 0.3000 mm; actual 0.2284 mm)
    Rule: netclass 'Default'; error
    @(67.2150 mm, 125.3284 mm): Via [Net-(J11-Pin_5)] on Component - Copper
    @(72.5000 mm, 124.3000 mm): Track [GND] on Copper, length 24.9200 mm
[clearance]: Clearance violation (netclass 'Default' clearance 0.3000 mm; actual 0.2290 mm)
    Rule: netclass 'Default'; error
    @(233.9097 mm, 69.4002 mm): Track [Net-(J11-Pin_5)] on Component, length 0.1151 mm
    @(233.2328 mm, 69.6450 mm): Via [Net-(J11-Pin_3)] on Component - Copper
[clearance]: Clearance violation (netclass 'Default' clearance 0.3000 mm; actual 0.2150 mm)
    Rule: netclass 'Default'; error
    @(232.8939 mm, 76.0000 mm): Track [Net-(J11-Pin_3)] on Component, length 6.0161 mm
    @(233.5589 mm, 74.7055 mm): Via [Net-(J11-Pin_5)] on Component - Copper
[shorting_items]: Items shorting two nets (nets GND and D13)
    Local override; error
    @(265.7814 mm, 28.6752 mm): Polygon [GND] on Component
    @(221.5588 mm, 147.0657 mm): Track [D13] on Component, length 0.7279 mm
[clearance]: Clearance violation (netclass 'Default' clearance 0.3000 mm; actual 0.2269 mm)
    Rule: netclass 'Default'; error
    @(233.2328 mm, 69.6450 mm): Via [Net-(J11-Pin_3)] on Component - Copper
    @(233.9097 mm, 74.3547 mm): Track [Net-(J11-Pin_5)] on Component, length 4.9545 mm
[clearance]: Clearance violation (netclass 'Default' clearance 0.3000 mm; actual 0.2061 mm)
    Rule: netclass 'Default'; error
    @(137.9495 mm, 128.2753 mm): Track [Net-(U25-S3)] on Component, length 5.6535 mm
    @(134.1595 mm, 125.4132 mm): Via [A13] on Component - Copper
[shorting_items]: Items shorting two nets (nets D13 and GND)
    Local override; error
    @(203.4641 mm, 147.0657 mm): Track [D13] on Component, length 18.0947 mm
    @(265.7814 mm, 28.6752 mm): Polygon [GND] on Component
[shorting_items]: Items shorting two nets (nets Net-(J11-Pin_6) and GND)
    Local override; error
    @(261.8430 mm, 54.0589 mm): Via [Net-(J11-Pin_6)] on Component - Copper
    @(265.7814 mm, 28.6752 mm): Polygon [GND] on Component
[shorting_items]: Items shorting two nets (nets GND and Net-(J11-Pin_6))
    Local override; error
    @(265.7668 mm, 28.6731 mm): Polygon [GND] on Copper
    @(261.8430 mm, 54.0589 mm): Via [Net-(J11-Pin_6)] on Component - Copper
[clearance]: Clearance violation (netclass 'Default' clearance 0.3000 mm; actual 0.2288 mm)
    Rule: netclass 'Default'; error
    @(150.8250 mm, 113.2905 mm): Via [Net-(U33-~{Q0})] on Component - Copper
    @(151.4199 mm, 113.6173 mm): Track [Net-(J11-Pin_5)] on Component, length 64.3241 mm
[shorting_items]: Items shorting two nets (nets Net-(J11-Pin_6) and GND)
    Local override; error
    @(265.7560 mm, 128.8308 mm): Via [Net-(J11-Pin_6)] on Component - Copper
    @(265.7814 mm, 28.6752 mm): Polygon [GND] on Component
[clearance]: Clearance violation (netclass 'Default' clearance 0.3000 mm; actual 0.2017 mm)
    Rule: netclass 'Default'; error
    @(120.0593 mm, 100.9807 mm): Track [Net-(J11-Pin_9)] on Component, length 7.5814 mm
    @(119.4076 mm, 99.3304 mm): Via [Net-(U26-S3)] on Component - Copper
[shorting_items]: Items shorting two nets (nets GND and Net-(J11-Pin_6))
    Local override; error
    @(265.7668 mm, 28.6731 mm): Polygon [GND] on Copper
    @(265.7560 mm, 128.8308 mm): Via [Net-(J11-Pin_6)] on Component - Copper
[clearance]: Clearance violation (netclass 'Default' clearance 0.3000 mm; actual 0.2170 mm)
    Rule: netclass 'Default'; error
    @(156.4404 mm, 114.7592 mm): Via [Net-(U32-D3)] on Component - Copper
    @(150.0238 mm, 115.4262 mm): Track [Net-(U33-~{Q1})] on Component, length 12.5192 mm
[clearance]: Clearance violation (netclass 'Default' clearance 0.3000 mm; actual 0.2017 mm)
    Rule: netclass 'Default'; error
    @(238.0110 mm, 116.3297 mm): Via [Net-(U41-I5)] on Component - Copper
    @(237.7411 mm, 116.9814 mm): Track [D10] on Component, length 6.2503 mm
[clearance]: Clearance violation (netclass 'Default' clearance 0.3000 mm; actual 0.2104 mm)
    Rule: netclass 'Default'; error
    @(238.0110 mm, 116.3297 mm): Via [Net-(U41-I5)] on Component - Copper
    @(237.6258 mm, 116.8661 mm): Track [D10] on Component, length 0.1631 mm
[shorting_items]: Items shorting two nets (nets GND and Net-(J11-Pin_3))
    Local override; error
    @(265.7668 mm, 28.6731 mm): Polygon [GND] on Copper
    @(38.6900 mm, 50.2471 mm): Track [Net-(J11-Pin_3)] on Copper, length 19.1855 mm
[shorting_items]: Items shorting two nets (nets GND and D17)
    Local override; error
    @(265.7668 mm, 28.6731 mm): Polygon [GND] on Copper
    @(238.7700 mm, 145.9161 mm): Track [D17] on Copper, length 1.0734 mm
[shorting_items]: Items shorting two nets (nets GND and Net-(J11-Pin_3))
    Local override; error
    @(265.7668 mm, 28.6731 mm): Polygon [GND] on Copper
    @(44.2192 mm, 44.7179 mm): Track [Net-(J11-Pin_3)] on Copper, length 7.8195 mm
[clearance]: Clearance violation (netclass 'Default' clearance 0.3000 mm; actual 0.2017 mm)
    Rule: netclass 'Default'; error
    @(202.5455 mm, 116.8661 mm): Track [D10] on Component, length 35.0803 mm
    @(232.6077 mm, 117.5178 mm): Via [Net-(J17-Pin_14)] on Component - Copper
[shorting_items]: Items shorting two nets (nets GND and Net-(J17-Pin_15))
    Local override; error
    @(265.7814 mm, 28.6752 mm): Polygon [GND] on Component
    @(263.8054 mm, 101.0730 mm): Via [Net-(J17-Pin_15)] on Component - Copper
[shorting_items]: Items shorting two nets (nets GND and Net-(J17-Pin_15))
    Local override; error
    @(265.7668 mm, 28.6731 mm): Polygon [GND] on Copper
    @(263.8054 mm, 101.0730 mm): Via [Net-(J17-Pin_15)] on Component - Copper
[clearance]: Clearance violation (netclass 'Default' clearance 0.3000 mm; actual 0.2017 mm)
    Rule: netclass 'Default'; error
    @(201.0300 mm, 118.3816 mm): Track [D10] on Component, length 2.1432 mm
    @(202.6289 mm, 117.7043 mm): Via [Net-(J17-Pin_12)] on Component - Copper
[shorting_items]: Items shorting two nets (nets Net-(J17-Pin_15) and GND)
    Local override; error
    @(261.8430 mm, 35.6439 mm): Via [Net-(J17-Pin_15)] on Component - Copper
    @(265.7814 mm, 28.6752 mm): Polygon [GND] on Component
[clearance]: Clearance violation (netclass 'Default' clearance 0.3000 mm; actual 0.2170 mm)
    Rule: netclass 'Default'; error
    @(162.5430 mm, 115.4262 mm): Via [Net-(U33-~{Q1})] on Component - Copper
    @(180.0400 mm, 114.7592 mm): Track [Net-(U32-D3)] on Component, length 23.5996 mm
[shorting_items]: Items shorting two nets (nets GND and Net-(J17-Pin_15))
    Local override; error
    @(265.7668 mm, 28.6731 mm): Polygon [GND] on Copper
    @(261.8430 mm, 35.6439 mm): Via [Net-(J17-Pin_15)] on Component - Copper
[shorting_items]: Items shorting two nets (nets GND and D17)
    Local override; error
    @(265.7668 mm, 28.6731 mm): Polygon [GND] on Copper
    @(238.7700 mm, 127.0000 mm): Track [D17] on Copper, length 18.9161 mm
[clearance]: Clearance violation (netclass 'Default' clearance 0.3000 mm; actual 0.2017 mm)
    Rule: netclass 'Default'; error
    @(166.3468 mm, 43.0544 mm): Via [Net-(J17-Pin_13)] on Component - Copper
    @(166.0715 mm, 44.2514 mm): Track [Net-(U37B-Q)] on Copper, length 4.3397 mm
[shorting_items]: Items shorting two nets (nets GND and Net-(J11-Pin_3))
    Local override; error
    @(265.7814 mm, 28.6752 mm): Polygon [GND] on Component
    @(44.7547 mm, 44.1824 mm): Track [Net-(J11-Pin_3)] on Component, length 0.7573 mm
[shorting_items]: Items shorting two nets (nets GND and Net-(J11-Pin_3))
    Local override; error
    @(265.7814 mm, 28.6752 mm): Polygon [GND] on Component
    @(63.4823 mm, 44.1824 mm): Track [Net-(J11-Pin_3)] on Component, length 18.7276 mm
[shorting_items]: Items shorting two nets (nets GND and D17)
    Local override; error
    @(265.7814 mm, 28.6752 mm): Polygon [GND] on Component
    @(236.9832 mm, 147.7029 mm): Track [D17] on Component, length 1.4535 mm
[shorting_items]: Items shorting two nets (nets GND and D17)
    Local override; error
    @(265.7814 mm, 28.6752 mm): Polygon [GND] on Component
    @(203.6778 mm, 147.7029 mm): Track [D17] on Component, length 33.3054 mm
[clearance]: Clearance violation (netclass 'Default' clearance 0.3000 mm; actual 0.2323 mm)
    Rule: netclass 'Default'; error
    @(200.1919 mm, 74.6677 mm): Via [Net-(J17-Pin_13)] on Component - Copper
    @(200.0000 mm, 76.0000 mm): PTH pad 1 [Net-(U12-I3)] of U22
[clearance]: Clearance violation (netclass 'Default' clearance 0.3000 mm; actual 0.2018 mm)
    Rule: netclass 'Default'; error
    @(87.3400 mm, 47.6784 mm): Track [Net-(J11-Pin_3)] on Component, length 10.3339 mm
    @(81.5004 mm, 40.9170 mm): Via [Net-(J17-Pin_10)] on Component - Copper
[clearance]: Clearance violation (netclass 'Default' clearance 0.3000 mm; actual 0.2940 mm)
    Rule: netclass 'Default'; error
    @(86.6760 mm, 91.1595 mm): Via [Net-(U26-S3)] on Component - Copper
    @(87.4200 mm, 79.5119 mm): Track [Net-(U26-B1)] on Copper, length 14.3695 mm
[clearance]: Clearance violation (netclass 'Default' clearance 0.3000 mm; actual 0.2464 mm)
    Rule: netclass 'Default'; error
    @(170.0000 mm, 50.1200 mm): PTH pad 1 [Net-(J11-Pin_2)] of U13
    @(171.0853 mm, 48.9804 mm): Via [Net-(J17-Pin_13)] on Component - Copper
[clearance]: Clearance violation (netclass 'Default' clearance 0.3000 mm; actual 0.2017 mm)
    Rule: netclass 'Default'; error
    @(205.7381 mm, 99.3908 mm): Via [Net-(J17-Pin_13)] on Component - Copper
    @(206.3898 mm, 100.9602 mm): Track [Net-(J11-Pin_11)] on Component, length 7.5404 mm
[clearance]: Clearance violation (netclass 'Default' clearance 0.3000 mm; actual 0.2409 mm)
    Rule: netclass 'Default'; error
    @(79.1310 mm, 69.3498 mm): Via [Net-(J17-Pin_10)] on Component - Copper
    @(78.4401 mm, 69.7925 mm): Track [Net-(U24-~{LOAD})] on Copper, length 8.2541 mm
[clearance]: Clearance violation (netclass 'Default' clearance 0.3000 mm; actual 0.2993 mm)
    Rule: netclass 'Default'; error
    @(78.4682 mm, 46.1729 mm): Via [Net-(J17-Pin_6)] on Component - Copper
    @(77.8000 mm, 45.3000 mm): Track [+5V] on Component, length 20.5000 mm
[clearance]: Clearance violation (netclass 'Default' clearance 0.3000 mm; actual 0.2993 mm)
    Rule: netclass 'Default'; error
    @(78.4682 mm, 46.1729 mm): Via [Net-(J17-Pin_6)] on Component - Copper
    @(79.2000 mm, 43.9000 mm): Track [+5V] on Component, length 1.9799 mm
[clearance]: Clearance violation (netclass 'Default' clearance 0.3000 mm; actual 0.2017 mm)
    Rule: netclass 'Default'; error
    @(92.4313 mm, 77.6742 mm): Via [Net-(U26-S4)] on Component - Copper
    @(89.2720 mm, 78.3259 mm): Track [Net-(U26-B1)] on Component, length 11.6062 mm
[clearance]: Clearance violation (netclass 'Default' clearance 0.3000 mm; actual 0.2017 mm)
    Rule: netclass 'Default'; error
    @(150.8250 mm, 113.2905 mm): Via [Net-(U33-~{Q0})] on Component - Copper
    @(151.0950 mm, 113.9422 mm): Track [Net-(J11-Pin_5)] on Component, length 0.4595 mm
[clearance]: Clearance violation (netclass 'Default' clearance 0.3000 mm; actual 0.2017 mm)
    Rule: netclass 'Default'; error
    @(225.9888 mm, 99.3928 mm): Track [Net-(J17-Pin_14)] on Copper, length 11.5061 mm
    @(226.6405 mm, 105.0384 mm): Via [Net-(U31B-D)] on Component - Copper
[clearance]: Clearance violation (netclass 'Default' clearance 0.3000 mm; actual 0.2017 mm)
    Rule: netclass 'Default'; error
    @(84.0526 mm, 113.9422 mm): Track [Net-(J11-Pin_5)] on Component, length 67.0424 mm
    @(150.8250 mm, 113.2905 mm): Via [Net-(U33-~{Q0})] on Component - Copper
[clearance]: Clearance violation (netclass 'Default' clearance 0.3000 mm; actual 0.2735 mm)
    Rule: netclass 'Default'; error
    @(198.2485 mm, 89.0836 mm): Track [Net-(J17-Pin_14)] on Copper, length 13.5301 mm
    @(198.2485 mm, 74.8300 mm): Via [Net-(U12-S1)] on Component - Copper
[clearance]: Clearance violation (netclass 'Default' clearance 0.3000 mm; actual 0.2205 mm)
    Rule: netclass 'Default'; error
    @(231.0205 mm, 99.3908 mm): Via [Net-(U31B-D)] on Component - Copper
    @(230.0000 mm, 93.3800 mm): Track [+5V] on Component, length 7.6200 mm
[clearance]: Clearance violation (netclass 'Default' clearance 0.3000 mm; actual 0.2267 mm)
    Rule: netclass 'Default'; error
    @(135.2177 mm, 75.2979 mm): Track [Net-(U25-S4)] on Component, length 3.4933 mm
    @(135.4626 mm, 74.6212 mm): Via [Net-(U25-S1)] on Component - Copper
[clearance]: Clearance violation (netclass 'Default' clearance 0.3000 mm; actual 0.2313 mm)
    Rule: netclass 'Default'; error
    @(160.3375 mm, 135.9800 mm): Track [A9] on Copper, length 14.6605 mm
    @(161.0188 mm, 144.6924 mm): Via [A13] on Component - Copper
[clearance]: Clearance violation (netclass 'Default' clearance 0.3000 mm; actual 0.2476 mm)
    Rule: netclass 'Default'; error
    @(72.5000 mm, 68.3800 mm): PTH pad 8 [Net-(U16-Pad11)] of U27
    @(72.4724 mm, 69.7273 mm): Via [Net-(J17-Pin_7)] on Component - Copper
[clearance]: Clearance violation (netclass 'Default' clearance 0.3000 mm; actual 0.2017 mm)
    Rule: netclass 'Default'; error
    @(97.3429 mm, 94.4132 mm): Via [Net-(U26-S2)] on Component - Copper
    @(96.2028 mm, 95.0649 mm): Track [Net-(U26-S4)] on Copper, length 2.7990 mm
[clearance]: Clearance violation (netclass 'Default' clearance 0.3000 mm; actual 0.2092 mm)
    Rule: netclass 'Default'; error
    @(112.5000 mm, 122.3000 mm): Track [+5V] on Copper, length 28.5000 mm
    @(127.7495 mm, 121.2908 mm): Via [Net-(U25-S3)] on Component - Copper
[clearance]: Clearance violation (netclass 'Default' clearance 0.3000 mm; actual 0.2017 mm)
    Rule: netclass 'Default'; error
    @(128.9300 mm, 69.0102 mm): Track [Net-(U25-S4)] on Component, length 8.8922 mm
    @(135.4626 mm, 74.6212 mm): Via [Net-(U25-S1)] on Component - Copper
[clearance]: Clearance violation (netclass 'Default' clearance 0.3000 mm; actual 0.2541 mm)
    Rule: netclass 'Default'; error
    @(184.6759 mm, 69.9270 mm): Track [Net-(J17-Pin_14)] on Component, length 7.9571 mm
    @(190.4733 mm, 74.7287 mm): Via [Net-(J17-Pin_12)] on Component - Copper
[clearance]: Clearance violation (netclass 'Default' clearance 0.3000 mm; actual 0.2207 mm)
    Rule: netclass 'Default'; error
    @(194.2233 mm, 91.4728 mm): Track [Net-(J11-Pin_11)] on Component, length 15.9661 mm
    @(193.2835 mm, 92.1435 mm): Via [Net-(U12-S1)] on Component - Copper
[clearance]: Clearance violation (netclass 'Default' clearance 0.3000 mm; actual 0.2586 mm)
    Rule: netclass 'Default'; error
    @(67.7824 mm, 74.6906 mm): Via [Net-(J17-Pin_7)] on Component - Copper
    @(67.4200 mm, 76.0000 mm): PTH pad 5 [Net-(J17-Pin_10)] of U27
[shorting_items]: Items shorting two nets (nets D12 and GND)
    Local override; error
    @(224.3711 mm, 144.9528 mm): Track [D12] on Component, length 43.7587 mm
    @(265.7814 mm, 28.6752 mm): Polygon [GND] on Component
[shorting_items]: Items shorting two nets (nets D12 and GND)
    Local override; error
    @(233.6900 mm, 135.6339 mm): Track [D12] on Copper, length 13.1789 mm
    @(265.7668 mm, 28.6731 mm): Polygon [GND] on Copper
[clearance]: Clearance violation (netclass 'Default' clearance 0.3000 mm; actual 0.2219 mm)
    Rule: netclass 'Default'; error
    @(184.0242 mm, 70.0905 mm): Track [Net-(U23B-~{Q})] on Component, length 7.2350 mm
    @(184.6759 mm, 69.9270 mm): Via [Net-(J17-Pin_14)] on Component - Copper
[clearance]: Clearance violation (netclass 'Default' clearance 0.3000 mm; actual 0.2390 mm)
    Rule: netclass 'Default'; error
    @(181.8308 mm, 49.1015 mm): Via [Net-(J17-Pin_14)] on Component - Copper
    @(182.7000 mm, 50.1200 mm): PTH pad 6 [Net-(J11-Pin_1)] of U13
[clearance]: Clearance violation (netclass 'Default' clearance 0.3000 mm; actual 0.2500 mm)
    Rule: netclass 'Default'; error
    @(175.1135 mm, 148.0179 mm): Via [D00] on Component - Copper
    @(174.6250 mm, 152.7810 mm): Track [D03] on Copper, length 4.2617 mm
[clearance]: Clearance violation (netclass 'Default' clearance 0.3000 mm; actual 0.1282 mm)
    Rule: netclass 'Default'; error
    @(182.3529 mm, 129.8691 mm): Via [D07] on Component - Copper
    @(189.2493 mm, 129.2909 mm): Track [D03] on Component, length 10.5071 mm
[clearance]: Clearance violation (netclass 'Default' clearance 0.3000 mm; actual 0.2415 mm)
    Rule: netclass 'Default'; error
    @(110.0750 mm, 75.0601 mm): Track [Net-(U25-B1)] on Copper, length 19.0247 mm
    @(110.7665 mm, 75.2979 mm): Via [Net-(U26-S1)] on Component - Copper
[clearance]: Clearance violation (netclass 'Default' clearance 0.3000 mm; actual 0.2071 mm)
    Rule: netclass 'Default'; error
    @(110.5552 mm, 74.5799 mm): Track [Net-(U25-B1)] on Copper, length 0.6791 mm
    @(110.7665 mm, 75.2979 mm): Via [Net-(U26-S1)] on Component - Copper
[clearance]: Clearance violation (netclass 'Default' clearance 0.3000 mm; actual 0.2500 mm)
    Rule: netclass 'Default'; error
    @(174.4618 mm, 148.3561 mm): Track [D03] on Copper, length 0.2308 mm
    @(175.1135 mm, 148.0179 mm): Via [D00] on Component - Copper
[clearance]: Clearance violation (netclass 'Default' clearance 0.3000 mm; actual 0.2017 mm)
    Rule: netclass 'Default'; error
    @(175.1135 mm, 148.0179 mm): Via [D00] on Component - Copper
    @(174.4618 mm, 133.5713 mm): Track [D03] on Copper, length 14.7848 mm
[clearance]: Clearance violation (netclass 'Default' clearance 0.3000 mm; actual 0.2133 mm)
    Rule: netclass 'Default'; error
    @(240.2861 mm, 121.1867 mm): Via [Net-(U31A-~{Q})] on Component - Copper
    @(228.6200 mm, 122.2000 mm): Track [+5V] on Copper, length 25.0800 mm
[clearance]: Clearance violation (netclass 'Default' clearance 0.3000 mm; actual 0.2723 mm)
    Rule: netclass 'Default'; error
    @(83.6100 mm, 93.3800 mm): PTH pad 16 [unconnected-(U36-Q0-Pad16)] of U36
    @(84.0113 mm, 92.0677 mm): Via [Net-(U26-B4)] on Component - Copper
[clearance]: Clearance violation (netclass 'Default' clearance 0.3000 mm; actual 0.2284 mm)
    Rule: netclass 'Default'; error
    @(158.5000 mm, 124.3000 mm): Track [GND] on Copper, length 26.4000 mm
    @(182.4030 mm, 125.3284 mm): Via [D05] on Component - Copper
[clearance]: Clearance violation (netclass 'Default' clearance 0.3000 mm; actual 0.2505 mm)
    Rule: netclass 'Default'; error
    @(179.5906 mm, 145.9746 mm): Via [D12] on Component - Copper
    @(179.8118 mm, 146.6751 mm): Track [D02] on Component, length 7.6955 mm
[clearance]: Clearance violation (netclass 'Default' clearance 0.3000 mm; actual 0.2017 mm)
    Rule: netclass 'Default'; error
    @(172.8634 mm, 105.0909 mm): Track [Net-(U33-D1)] on Component, length 56.4362 mm
    @(153.9300 mm, 105.7426 mm): Via [Net-(U32-D2)] on Component - Copper
[shorting_items]: Items shorting two nets (nets GND and D12)
    Local override; error
    @(265.7814 mm, 28.6752 mm): Polygon [GND] on Component
    @(224.3711 mm, 144.9528 mm): Via [D12] on Component - Copper
[shorting_items]: Items shorting two nets (nets GND and D12)
    Local override; error
    @(265.7668 mm, 28.6731 mm): Polygon [GND] on Copper
    @(224.3711 mm, 144.9528 mm): Via [D12] on Component - Copper
[clearance]: Clearance violation (netclass 'Default' clearance 0.3000 mm; actual 0.2407 mm)
    Rule: netclass 'Default'; error
    @(168.2750 mm, 152.7810 mm): Pad 87 [A11] of P1 on Copper
    @(166.8453 mm, 152.7810 mm): Via [A10] on Component - Copper
[clearance]: Clearance violation (netclass 'Default' clearance 0.3000 mm; actual 0.1745 mm)
    Rule: netclass 'Default'; error
    @(49.8793 mm, 101.5769 mm): Via [Net-(U33-~{Q0})] on Component - Copper
    @(49.3147 mm, 101.0467 mm): Via [Net-(U38-~{LOAD})] on Component - Copper
[shorting_items]: Items shorting two nets (nets D17 and GND)
    Local override; error
    @(238.0110 mm, 146.6751 mm): Via [D17] on Component - Copper
    @(265.7814 mm, 28.6752 mm): Polygon [GND] on Component
[shorting_items]: Items shorting two nets (nets D17 and GND)
    Local override; error
    @(238.0110 mm, 146.6751 mm): Via [D17] on Component - Copper
    @(265.7668 mm, 28.6731 mm): Polygon [GND] on Copper
[clearance]: Clearance violation (netclass 'Default' clearance 0.3000 mm; actual 0.2104 mm)
    Rule: netclass 'Default'; error
    @(238.0110 mm, 116.3297 mm): Via [Net-(U41-I5)] on Component - Copper
    @(202.5455 mm, 116.8661 mm): Track [D10] on Component, length 35.0803 mm
[shorting_items]: Items shorting two nets (nets D13 and GND)
    Local override; error
    @(222.0735 mm, 146.5510 mm): Via [D13] on Component - Copper
    @(265.7814 mm, 28.6752 mm): Polygon [GND] on Component
[shorting_items]: Items shorting two nets (nets GND and D13)
    Local override; error
    @(265.7668 mm, 28.6731 mm): Polygon [GND] on Copper
    @(222.0735 mm, 146.5510 mm): Via [D13] on Component - Copper
[clearance]: Clearance violation (netclass 'Default' clearance 0.3000 mm; actual 0.2635 mm)
    Rule: netclass 'Default'; error
    @(172.9025 mm, 150.6405 mm): Via [D04] on Component - Copper
    @(171.4500 mm, 152.7810 mm): Pad 88 [D02] of P1 on Copper
[clearance]: Clearance violation (netclass 'Default' clearance 0.3000 mm; actual 0.2284 mm)
    Rule: netclass 'Default'; error
    @(180.4170 mm, 125.3284 mm): Via [D00] on Component - Copper
    @(158.5000 mm, 124.3000 mm): Track [GND] on Copper, length 26.4000 mm
[clearance]: Clearance violation (netclass 'Default' clearance 0.3000 mm; actual 0.2031 mm)
    Rule: netclass 'Default'; error
    @(154.5737 mm, 125.3031 mm): Via [A8] on Component - Copper
    @(130.0000 mm, 124.3000 mm): Track [GND] on Copper, length 28.5000 mm
[shorting_items]: Items shorting two nets (nets GND and D06)
    Local override; error
    @(265.7814 mm, 28.6752 mm): Polygon [GND] on Component
    @(210.2682 mm, 146.2110 mm): Via [D06] on Component - Copper
[shorting_items]: Items shorting two nets (nets GND and D06)
    Local override; error
    @(265.7668 mm, 28.6731 mm): Polygon [GND] on Copper
    @(210.2682 mm, 146.2110 mm): Via [D06] on Component - Copper
[clearance]: Clearance violation (netclass 'Default' clearance 0.3000 mm; actual 0.2284 mm)
    Rule: netclass 'Default'; error
    @(184.9000 mm, 124.3000 mm): Track [GND] on Copper, length 30.0000 mm
    @(196.3050 mm, 125.3284 mm): Via [D10] on Component - Copper
[clearance]: Clearance violation (netclass 'Default' clearance 0.3000 mm; actual 0.1752 mm)
    Rule: netclass 'Default'; error
    @(189.7477 mm, 130.4943 mm): Track [Net-(U41-OEa)] on Component, length 14.9367 mm
    @(182.3529 mm, 129.8691 mm): Via [D07] on Component - Copper
[clearance]: Clearance violation (netclass 'Default' clearance 0.3000 mm; actual 0.2268 mm)
    Rule: netclass 'Default'; error
    @(117.5000 mm, 141.6000 mm): PTH pad 1 [GND] of Q1
    @(118.7700 mm, 140.3300 mm): PTH pad 2 [Net-(Q1-B)] of Q1
[courtyards_overlap]: Courtyards overlap
    Rule: board setup constraints courtyard; error
    @(23.2000 mm, 85.4000 mm): Footprint C10
    @(27.7100 mm, 62.7500 mm): Footprint U18
[courtyards_overlap]: Courtyards overlap
    Rule: board setup constraints courtyard; error
    @(84.7600 mm, 127.0000 mm): Footprint U46
    @(80.8000 mm, 119.4000 mm): Footprint C1
[courtyards_overlap]: Courtyards overlap
    Rule: board setup constraints courtyard; error
    @(28.6100 mm, 101.0000 mm): Footprint U38
    @(23.5000 mm, 124.2000 mm): Footprint C11
[courtyards_overlap]: Courtyards overlap
    Rule: board setup constraints courtyard; error
    @(80.8000 mm, 119.4000 mm): Footprint C1
    @(76.7000 mm, 118.4000 mm): Footprint R4
[copper_edge_clearance]: Board edge clearance violation (board setup constraints edge clearance 0.1905 mm; actual 0.0000 mm)
    Rule: board setup constraints edge; error
    @(19.0500 mm, 22.8600 mm): Segment on Edge.Cuts
    @(265.7814 mm, 28.6752 mm): Polygon [GND] on Component
[copper_edge_clearance]: Board edge clearance violation (board setup constraints edge clearance 0.1905 mm; actual 0.0000 mm)
    Rule: board setup constraints edge; error
    @(19.0500 mm, 22.8600 mm): Segment on Edge.Cuts
    @(265.7668 mm, 28.6731 mm): Polygon [GND] on Copper
[silk_edge_clearance]: Silkscreen clipped by board edge
    Rule: board setup constraints silk; warning
    @(50.8000 mm, 149.8600 mm): Segment on Edge.Cuts
    @(50.8000 mm, 157.4800 mm): Segment of P1 on F.Silkscreen
[silk_edge_clearance]: Silkscreen clipped by board edge
    Rule: board setup constraints silk; warning
    @(212.7250 mm, 157.4800 mm): Segment on Edge.Cuts
    @(212.7250 mm, 147.9550 mm): Segment of P1 on F.Silkscreen
[silk_edge_clearance]: Silkscreen clipped by board edge
    Rule: board setup constraints silk; warning
    @(212.7250 mm, 157.4800 mm): Segment on Edge.Cuts
    @(212.7250 mm, 157.4800 mm): Segment of P1 on F.Silkscreen
[lib_footprint_issues]: The current configuration does not include the footprint library 'Dazzler'.
    Local override; warning
    @(82.0000 mm, 56.5000 mm): Footprint G***
[silk_over_copper]: Silkscreen clipped by solder mask
    Local override; warning
    @(33.2500 mm, 27.2500 mm): PCB text '8            7            6            5            4            3            2            1' on F.Silkscreen
[silk_over_copper]: Silkscreen clipped by solder mask
    Local override; warning
    @(17.5000 mm, 50.0000 mm): PCB text '1' on F.Silkscreen
[silk_over_copper]: Silkscreen clipped by solder mask
    Local override; warning
    @(30.2500 mm, 42.3400 mm): Reference field of U18
[silk_over_copper]: Silkscreen clipped by solder mask
    Local override; warning
    @(25.1400 mm, 43.1800 mm): Segment of U18 on F.Silkscreen
[silk_over_copper]: Silkscreen clipped by solder mask
    Local override; warning
    @(25.1400 mm, 59.0500 mm): Segment of U18 on F.Silkscreen
[silk_over_copper]: Silkscreen clipped by solder mask
    Local override; warning
    @(25.1400 mm, 59.0500 mm): Segment of U18 on F.Silkscreen
[silk_over_copper]: Silkscreen clipped by solder mask
    Local override; warning
    @(27.2250 mm, 59.0500 mm): Segment of U18 on F.Silkscreen
[silk_over_copper]: Silkscreen clipped by solder mask
    Local override; warning
    @(28.1950 mm, 59.0500 mm): Segment of U18 on F.Silkscreen
[silk_over_copper]: Silkscreen clipped by solder mask
    Local override; warning
    @(29.7650 mm, 59.0500 mm): Segment of U18 on F.Silkscreen
[silk_over_copper]: Silkscreen clipped by solder mask
    Local override; warning
    @(30.7350 mm, 59.0500 mm): Segment of U18 on F.Silkscreen
[silk_over_copper]: Silkscreen clipped by solder mask
    Local override; warning
    @(32.3050 mm, 59.0500 mm): Segment of U18 on F.Silkscreen
[silk_over_copper]: Silkscreen clipped by solder mask
    Local override; warning
    @(33.2750 mm, 59.0500 mm): Segment of U18 on F.Silkscreen
[silk_over_copper]: Silkscreen clipped by solder mask
    Local override; warning
    @(35.3600 mm, 59.0500 mm): Segment of U18 on F.Silkscreen
[solder_mask_bridge]: Front solder mask aperture bridges items with different nets
    Rule: board setup solder mask min width; error
    @(48.7000 mm, 48.4725 mm): Polygon on F.Mask
    @(28.1030 mm, 37.0087 mm): Via [Net-(J11-Pin_12)] on Component - Copper
[solder_mask_bridge]: Rear solder mask aperture bridges items with different nets
    Rule: board setup solder mask min width; error
    @(48.6000 mm, 48.4844 mm): Polygon on B.Mask
    @(28.1030 mm, 37.0087 mm): Via [Net-(J11-Pin_12)] on Component - Copper
[solder_mask_bridge]: Rear solder mask aperture bridges items with different nets
    Rule: board setup solder mask min width; error
    @(48.6000 mm, 48.4844 mm): Polygon on B.Mask
    @(28.1030 mm, 37.0087 mm): Via [Net-(J11-Pin_12)] on Component - Copper
[solder_mask_bridge]: Rear solder mask aperture bridges items with different nets
    Rule: board setup solder mask min width; error
    @(48.6000 mm, 48.4844 mm): Polygon on B.Mask
    @(28.1030 mm, 37.0087 mm): Via [Net-(J11-Pin_12)] on Component - Copper
[solder_mask_bridge]: Front solder mask aperture bridges items with different nets
    Rule: board setup solder mask min width; error
    @(48.7000 mm, 48.4725 mm): Polygon on F.Mask
    @(28.1030 mm, 37.0087 mm): Via [Net-(J11-Pin_12)] on Component - Copper
[solder_mask_bridge]: Front solder mask aperture bridges items with different nets
    Rule: board setup solder mask min width; error
    @(48.7000 mm, 48.4725 mm): Polygon on F.Mask
    @(28.1030 mm, 37.0087 mm): Via [Net-(J11-Pin_12)] on Component - Copper
[solder_mask_bridge]: Rear solder mask aperture bridges items with different nets
    Rule: board setup solder mask min width; error
    @(48.6000 mm, 48.4844 mm): Polygon on B.Mask
    @(28.1030 mm, 37.0087 mm): Via [Net-(J11-Pin_12)] on Component - Copper
[solder_mask_bridge]: Front solder mask aperture bridges items with different nets
    Rule: board setup solder mask min width; error
    @(48.7000 mm, 48.4725 mm): Polygon on F.Mask
    @(28.1030 mm, 37.0087 mm): Via [Net-(J11-Pin_12)] on Component - Copper
[solder_mask_bridge]: Front solder mask aperture bridges items with different nets
    Rule: board setup solder mask min width; error
    @(48.7000 mm, 48.4725 mm): Polygon on F.Mask
    @(28.1030 mm, 37.0087 mm): Via [Net-(J11-Pin_12)] on Component - Copper
[solder_mask_bridge]: Rear solder mask aperture bridges items with different nets
    Rule: board setup solder mask min width; error
    @(48.6000 mm, 48.4844 mm): Polygon on B.Mask
    @(28.1030 mm, 37.0087 mm): Via [Net-(J11-Pin_12)] on Component - Copper
[solder_mask_bridge]: Rear solder mask aperture bridges items with different nets
    Rule: board setup solder mask min width; error
    @(48.6000 mm, 48.4844 mm): Polygon on B.Mask
    @(28.1030 mm, 37.0087 mm): Via [Net-(J11-Pin_12)] on Component - Copper
[solder_mask_bridge]: Front solder mask aperture bridges items with different nets
    Rule: board setup solder mask min width; error
    @(48.7000 mm, 48.4725 mm): Polygon on F.Mask
    @(28.1030 mm, 37.0087 mm): Via [Net-(J11-Pin_12)] on Component - Copper
[solder_mask_bridge]: Rear solder mask aperture bridges items with different nets
    Rule: board setup solder mask min width; error
    @(48.6000 mm, 48.4844 mm): Polygon on B.Mask
    @(28.1030 mm, 37.0087 mm): Via [Net-(J11-Pin_12)] on Component - Copper
[silk_overlap]: Silkscreen overlap
    Rule: board setup constraints silk; warning
    @(19.5800 mm, 81.5200 mm): Rectangle of C10 on F.Silkscreen
    @(17.5000 mm, 74.0000 mm): PCB text '2' on F.Silkscreen
[silk_overlap]: Silkscreen overlap
    Rule: board setup constraints silk; warning
    @(18.5800 mm, 72.9000 mm): Reference field of C10
    @(17.5000 mm, 74.0000 mm): PCB text '2' on F.Silkscreen
[silk_overlap]: Silkscreen overlap
    Rule: board setup constraints silk; warning
    @(19.5800 mm, 81.5200 mm): Rectangle of C10 on F.Silkscreen
    @(27.4700 mm, 72.1900 mm): Reference field of U28
[silk_overlap]: Silkscreen overlap
    Rule: board setup constraints silk; warning
    @(82.4700 mm, 46.3100 mm): Reference field of U16
    @(81.8200 mm, 42.3300 mm): Segment of C5 on F.Silkscreen
[silk_overlap]: Silkscreen overlap
    Rule: board setup constraints silk; warning
    @(83.4200 mm, 119.2800 mm): Segment of C1 on F.Silkscreen
    @(83.4300 mm, 125.8400 mm): Segment of U46 on F.Silkscreen
[silk_overlap]: Silkscreen overlap
    Rule: board setup constraints silk; warning
    @(83.4200 mm, 119.2800 mm): Segment of C1 on F.Silkscreen
    @(101.3300 mm, 120.5400 mm): Segment of U46 on F.Silkscreen
[silk_overlap]: Silkscreen overlap
    Rule: board setup constraints silk; warning
    @(83.4300 mm, 124.1900 mm): Segment of U46 on F.Silkscreen
    @(83.4200 mm, 119.2800 mm): Segment of C1 on F.Silkscreen
[silk_overlap]: Silkscreen overlap
    Rule: board setup constraints silk; warning
    @(83.4300 mm, 123.1900 mm): Arc of U46 on F.Silkscreen
    @(83.4200 mm, 119.2800 mm): Segment of C1 on F.Silkscreen
[silk_overlap]: Silkscreen overlap
    Rule: board setup constraints silk; warning
    @(83.4200 mm, 119.2800 mm): Segment of C1 on F.Silkscreen
    @(83.4300 mm, 120.5400 mm): Segment of U46 on F.Silkscreen
[silk_overlap]: Silkscreen overlap
    Rule: board setup constraints silk; warning
    @(78.1800 mm, 127.0200 mm): Segment of C1 on F.Silkscreen
    @(78.0700 mm, 120.2100 mm): Rectangle of R4 on F.Silkscreen

** Found 0 unconnected pads **

** Found 0 Footprint errors **

** End of Report **
